2018-10-29 15:46:51,853 - ====================================
2018-10-29 15:46:51,854 - === [福州]->[北京西] begin:00:00:00 ===
2018-10-29 15:46:51,854 - ====================================
2018-10-29 15:46:51,854 - 08:54:00 - 10:23:00
2018-10-29 15:46:51,854 - (次日)
2018-10-29 15:46:51,854 - (次日)
2018-10-29 15:46:51,854 - Use time:49.48 h
2018-10-29 15:46:51,854 - ['D6243', '08:54:00', '[福州]', '-->', '[福州南]', '09:10:00', '1站']
2018-10-29 15:46:51,855 - ['D3204', '12:49:00', '[福州南]', '-->', '[海宁]', '18:06:00', '10站']
2018-10-29 15:46:51,855 - ['Z10', '18:17:00', '[海宁]', '-->', '[北京]', '06:42:00', '1站']
2018-10-29 15:46:51,855 - ['1174/1171', '02:31:00', '[北京]', '-->', '[白涧]', '04:43:00', '1站']
2018-10-29 15:46:51,855 - ['1164', '07:18:00', '[白涧]', '-->', '[北京西]', '10:23:00', '3站']
2018-10-29 15:46:51,906 - ====================================
2018-10-29 15:46:51,906 - === [福州]->[北京] begin:00:00:00 ===
2018-10-29 15:46:51,906 - ====================================
2018-10-29 15:46:51,906 - 08:54:00 - 06:42:00
2018-10-29 15:46:51,906 - (次日)
2018-10-29 15:46:51,906 - Use time:45.8 h
2018-10-29 15:46:51,906 - ['D6243', '08:54:00', '[福州]', '-->', '[福州南]', '09:10:00', '1站']
2018-10-29 15:46:51,906 - ['D3204', '12:49:00', '[福州南]', '-->', '[海宁]', '18:06:00', '10站']
2018-10-29 15:46:51,907 - ['Z10', '18:17:00', '[海宁]', '-->', '[北京]', '06:42:00', '1站']
2018-10-29 15:46:52,252 - ====================================
2018-10-29 15:46:52,252 - === [福州]->[北京北] begin:00:00:00 ===
2018-10-29 15:46:52,252 - ====================================
2018-10-29 15:46:52,252 - 08:54:00 - 19:29:00
2018-10-29 15:46:52,252 - (次日)
2018-10-29 15:46:52,252 - (次日)
2018-10-29 15:46:52,252 - Use time:58.58 h
2018-10-29 15:46:52,252 - ['D6243', '08:54:00', '[福州]', '-->', '[福州南]', '09:10:00', '1站']
2018-10-29 15:46:52,252 - ['D3204', '12:49:00', '[福州南]', '-->', '[海宁]', '18:06:00', '10站']
2018-10-29 15:46:52,252 - ['Z10', '18:17:00', '[海宁]', '-->', '[北京]', '06:42:00', '1站']
2018-10-29 15:46:52,252 - ['1174/1171', '02:31:00', '[北京]', '-->', '[白涧]', '04:43:00', '1站']
2018-10-29 15:46:52,252 - ['1164', '07:18:00', '[白涧]', '-->', '[北京西]', '10:23:00', '3站']
2018-10-29 15:46:52,252 - ['K7701', '10:46:00', '[北京西]', '-->', '[宣化]', '13:48:00', '4站']
2018-10-29 15:46:52,252 - ['1456/1457', '15:28:00', '[宣化]', '-->', '[北京北]', '19:29:00', '3站']
2018-10-29 15:46:52,408 - ====================================
2018-10-29 15:46:52,408 - === [福州]->[北京南] begin:00:00:00 ===
2018-10-29 15:46:52,408 - ====================================
2018-10-29 15:46:52,409 - 08:54:00 - 12:15:00
2018-10-29 15:46:52,409 - (次日)
2018-10-29 15:46:52,409 - (次日)
2018-10-29 15:46:52,409 - Use time:51.35 h
2018-10-29 15:46:52,409 - ['D6243', '08:54:00', '[福州]', '-->', '[福州南]', '09:10:00', '1站']
2018-10-29 15:46:52,409 - ['D3204', '12:49:00', '[福州南]', '-->', '[海宁]', '18:06:00', '10站']
2018-10-29 15:46:52,409 - ['Z10', '18:17:00', '[海宁]', '-->', '[北京]', '06:42:00', '1站']
2018-10-29 15:46:52,409 - ['1172/1173', '03:37:00', '[北京]', '-->', '[昌黎]', '06:31:00', '3站']
2018-10-29 15:46:52,409 - ['1206/1207', '07:33:00', '[昌黎]', '-->', '[北戴河]', '07:52:00', '1站']
2018-10-29 15:46:52,409 - ['D4538/D4535', '10:19:00', '[北戴河]', '-->', '[北京南]', '12:15:00', '1站']
2018-10-29 15:46:52,504 - ====================================
2018-10-29 15:46:52,504 - === [福州南]->[北京西] begin:00:00:00 ===
2018-10-29 15:46:52,504 - ====================================
2018-10-29 15:46:52,504 - 12:49:00 - 10:23:00
2018-10-29 15:46:52,504 - (次日)
2018-10-29 15:46:52,504 - (次日)
2018-10-29 15:46:52,504 - Use time:45.57 h
2018-10-29 15:46:52,504 - ['D3204', '12:49:00', '[福州南]', '-->', '[海宁]', '18:06:00', '10站']
2018-10-29 15:46:52,504 - ['Z10', '18:17:00', '[海宁]', '-->', '[北京]', '06:42:00', '1站']
2018-10-29 15:46:52,505 - ['1174/1171', '02:31:00', '[北京]', '-->', '[白涧]', '04:43:00', '1站']
2018-10-29 15:46:52,505 - ['1164', '07:18:00', '[白涧]', '-->', '[北京西]', '10:23:00', '3站']
2018-10-29 15:46:52,546 - ====================================
2018-10-29 15:46:52,546 - === [福州南]->[北京] begin:00:00:00 ===
2018-10-29 15:46:52,546 - ====================================
2018-10-29 15:46:52,546 - 12:49:00 - 06:42:00
2018-10-29 15:46:52,546 - (次日)
2018-10-29 15:46:52,546 - Use time:41.88 h
2018-10-29 15:46:52,546 - ['D3204', '12:49:00', '[福州南]', '-->', '[海宁]', '18:06:00', '10站']
2018-10-29 15:46:52,546 - ['Z10', '18:17:00', '[海宁]', '-->', '[北京]', '06:42:00', '1站']
2018-10-29 15:46:52,894 - ====================================
2018-10-29 15:46:52,894 - === [福州南]->[北京北] begin:00:00:00 ===
2018-10-29 15:46:52,894 - ====================================
2018-10-29 15:46:52,894 - 12:49:00 - 19:29:00
2018-10-29 15:46:52,894 - (次日)
2018-10-29 15:46:52,894 - (次日)
2018-10-29 15:46:52,895 - Use time:54.67 h
2018-10-29 15:46:52,895 - ['D3204', '12:49:00', '[福州南]', '-->', '[海宁]', '18:06:00', '10站']
2018-10-29 15:46:52,895 - ['Z10', '18:17:00', '[海宁]', '-->', '[北京]', '06:42:00', '1站']
2018-10-29 15:46:52,895 - ['1174/1171', '02:31:00', '[北京]', '-->', '[白涧]', '04:43:00', '1站']
2018-10-29 15:46:52,895 - ['1164', '07:18:00', '[白涧]', '-->', '[北京西]', '10:23:00', '3站']
2018-10-29 15:46:52,895 - ['K7701', '10:46:00', '[北京西]', '-->', '[宣化]', '13:48:00', '4站']
2018-10-29 15:46:52,895 - ['1456/1457', '15:28:00', '[宣化]', '-->', '[北京北]', '19:29:00', '3站']
2018-10-29 15:46:53,048 - ====================================
2018-10-29 15:46:53,049 - === [福州南]->[北京南] begin:00:00:00 ===
2018-10-29 15:46:53,049 - ====================================
2018-10-29 15:46:53,049 - 12:49:00 - 12:15:00
2018-10-29 15:46:53,049 - (次日)
2018-10-29 15:46:53,049 - (次日)
2018-10-29 15:46:53,049 - Use time:47.43 h
2018-10-29 15:46:53,049 - ['D3204', '12:49:00', '[福州南]', '-->', '[海宁]', '18:06:00', '10站']
2018-10-29 15:46:53,049 - ['Z10', '18:17:00', '[海宁]', '-->', '[北京]', '06:42:00', '1站']
2018-10-29 15:46:53,049 - ['1172/1173', '03:37:00', '[北京]', '-->', '[昌黎]', '06:31:00', '3站']
2018-10-29 15:46:53,049 - ['1206/1207', '07:33:00', '[昌黎]', '-->', '[北戴河]', '07:52:00', '1站']
2018-10-29 15:46:53,049 - ['D4538/D4535', '10:19:00', '[北戴河]', '-->', '[北京南]', '12:15:00', '1站']
2018-10-29 15:46:53,057 - ====================================
2018-10-29 15:46:53,057 - === [长乐机场]->[首都国际机场] begin:00:00:00 ===
2018-10-29 15:46:53,057 - ====================================
2018-10-29 15:46:53,057 - 08:30:00 - 11:05:00
2018-10-29 15:46:53,057 - Use time:2.58 h
2018-10-29 15:46:53,057 - ['CA1822', '08:30:00', '[长乐机场]', '-->', '[首都国际机场]', '11:05:00', '1站']
2018-10-29 15:46:54,185 - ====================================
2018-10-29 15:46:54,185 - === [长乐机场]->[南苑机场] begin:00:00:00 ===
2018-10-29 15:46:54,185 - ====================================
2018-10-29 15:46:54,185 - 08:30:00 - 14:55:00
2018-10-29 15:46:54,185 - Use time:6.42 h
2018-10-29 15:46:54,185 - ['CA1822', '08:30:00', '[长乐机场]', '-->', '[首都国际机场]', '11:05:00', '1站']
2018-10-29 15:46:54,185 - ['CA1111', '11:25:00', '[首都国际机场]', '-->', '[白塔机场]', '12:30:00', '1站']
2018-10-29 15:46:54,185 - ['FM2938', '14:05:00', '[白塔机场]', '-->', '[南苑机场]', '14:55:00', '1站']
2018-10-29 15:47:45,986 - ====================================
2018-10-29 15:47:45,987 - === [福州]->[北京西] begin:00:00:00 ===
2018-10-29 15:47:45,987 - ====================================
2018-10-29 15:47:45,987 - 08:54:00 - 10:23:00
2018-10-29 15:47:45,987 - (次日)
2018-10-29 15:47:45,987 - (次日)
2018-10-29 15:47:45,987 - Use time:49.48 h
2018-10-29 15:47:45,987 - ['D6243', '08:54:00', '[福州]', '-->', '[福州南]', '09:10:00', '1站']
2018-10-29 15:47:45,987 - ['D3204', '12:49:00', '[福州南]', '-->', '[海宁]', '18:06:00', '10站']
2018-10-29 15:47:45,988 - ['Z10', '18:17:00', '[海宁]', '-->', '[北京]', '06:42:00', '1站']
2018-10-29 15:47:45,988 - ['1174/1171', '02:31:00', '[北京]', '-->', '[白涧]', '04:43:00', '1站']
2018-10-29 15:47:45,988 - ['1164', '07:18:00', '[白涧]', '-->', '[北京西]', '10:23:00', '3站']
2018-10-29 15:47:46,032 - ====================================
2018-10-29 15:47:46,032 - === [福州]->[北京] begin:00:00:00 ===
2018-10-29 15:47:46,032 - ====================================
2018-10-29 15:47:46,032 - 08:54:00 - 06:42:00
2018-10-29 15:47:46,032 - (次日)
2018-10-29 15:47:46,032 - Use time:45.8 h
2018-10-29 15:47:46,033 - ['D6243', '08:54:00', '[福州]', '-->', '[福州南]', '09:10:00', '1站']
2018-10-29 15:47:46,033 - ['D3204', '12:49:00', '[福州南]', '-->', '[海宁]', '18:06:00', '10站']
2018-10-29 15:47:46,033 - ['Z10', '18:17:00', '[海宁]', '-->', '[北京]', '06:42:00', '1站']
2018-10-29 15:47:46,380 - ====================================
2018-10-29 15:47:46,380 - === [福州]->[北京北] begin:00:00:00 ===
2018-10-29 15:47:46,380 - ====================================
2018-10-29 15:47:46,380 - 08:54:00 - 19:29:00
2018-10-29 15:47:46,381 - (次日)
2018-10-29 15:47:46,381 - (次日)
2018-10-29 15:47:46,381 - Use time:58.58 h
2018-10-29 15:47:46,381 - ['D6243', '08:54:00', '[福州]', '-->', '[福州南]', '09:10:00', '1站']
2018-10-29 15:47:46,381 - ['D3204', '12:49:00', '[福州南]', '-->', '[海宁]', '18:06:00', '10站']
2018-10-29 15:47:46,381 - ['Z10', '18:17:00', '[海宁]', '-->', '[北京]', '06:42:00', '1站']
2018-10-29 15:47:46,381 - ['1174/1171', '02:31:00', '[北京]', '-->', '[白涧]', '04:43:00', '1站']
2018-10-29 15:47:46,381 - ['1164', '07:18:00', '[白涧]', '-->', '[北京西]', '10:23:00', '3站']
2018-10-29 15:47:46,381 - ['K7701', '10:46:00', '[北京西]', '-->', '[宣化]', '13:48:00', '4站']
2018-10-29 15:47:46,381 - ['1456/1457', '15:28:00', '[宣化]', '-->', '[北京北]', '19:29:00', '3站']
2018-10-29 15:47:46,529 - ====================================
2018-10-29 15:47:46,530 - === [福州]->[北京南] begin:00:00:00 ===
2018-10-29 15:47:46,530 - ====================================
2018-10-29 15:47:46,530 - 08:54:00 - 12:15:00
2018-10-29 15:47:46,530 - (次日)
2018-10-29 15:47:46,530 - (次日)
2018-10-29 15:47:46,530 - Use time:51.35 h
2018-10-29 15:47:46,530 - ['D6243', '08:54:00', '[福州]', '-->', '[福州南]', '09:10:00', '1站']
2018-10-29 15:47:46,530 - ['D3204', '12:49:00', '[福州南]', '-->', '[海宁]', '18:06:00', '10站']
2018-10-29 15:47:46,530 - ['Z10', '18:17:00', '[海宁]', '-->', '[北京]', '06:42:00', '1站']
2018-10-29 15:47:46,530 - ['1172/1173', '03:37:00', '[北京]', '-->', '[昌黎]', '06:31:00', '3站']
2018-10-29 15:47:46,530 - ['1206/1207', '07:33:00', '[昌黎]', '-->', '[北戴河]', '07:52:00', '1站']
2018-10-29 15:47:46,530 - ['D4538/D4535', '10:19:00', '[北戴河]', '-->', '[北京南]', '12:15:00', '1站']
2018-10-29 15:47:46,625 - ====================================
2018-10-29 15:47:46,625 - === [福州南]->[北京西] begin:00:00:00 ===
2018-10-29 15:47:46,625 - ====================================
2018-10-29 15:47:46,625 - 12:49:00 - 10:23:00
2018-10-29 15:47:46,626 - (次日)
2018-10-29 15:47:46,626 - (次日)
2018-10-29 15:47:46,626 - Use time:45.57 h
2018-10-29 15:47:46,626 - ['D3204', '12:49:00', '[福州南]', '-->', '[海宁]', '18:06:00', '10站']
2018-10-29 15:47:46,626 - ['Z10', '18:17:00', '[海宁]', '-->', '[北京]', '06:42:00', '1站']
2018-10-29 15:47:46,626 - ['1174/1171', '02:31:00', '[北京]', '-->', '[白涧]', '04:43:00', '1站']
2018-10-29 15:47:46,626 - ['1164', '07:18:00', '[白涧]', '-->', '[北京西]', '10:23:00', '3站']
2018-10-29 15:47:46,668 - ====================================
2018-10-29 15:47:46,668 - === [福州南]->[北京] begin:00:00:00 ===
2018-10-29 15:47:46,668 - ====================================
2018-10-29 15:47:46,668 - 12:49:00 - 06:42:00
2018-10-29 15:47:46,668 - (次日)
2018-10-29 15:47:46,668 - Use time:41.88 h
2018-10-29 15:47:46,668 - ['D3204', '12:49:00', '[福州南]', '-->', '[海宁]', '18:06:00', '10站']
2018-10-29 15:47:46,668 - ['Z10', '18:17:00', '[海宁]', '-->', '[北京]', '06:42:00', '1站']
2018-10-29 15:47:47,024 - ====================================
2018-10-29 15:47:47,024 - === [福州南]->[北京北] begin:00:00:00 ===
2018-10-29 15:47:47,024 - ====================================
2018-10-29 15:47:47,024 - 12:49:00 - 19:29:00
2018-10-29 15:47:47,024 - (次日)
2018-10-29 15:47:47,024 - (次日)
2018-10-29 15:47:47,024 - Use time:54.67 h
2018-10-29 15:47:47,024 - ['D3204', '12:49:00', '[福州南]', '-->', '[海宁]', '18:06:00', '10站']
2018-10-29 15:47:47,024 - ['Z10', '18:17:00', '[海宁]', '-->', '[北京]', '06:42:00', '1站']
2018-10-29 15:47:47,024 - ['1174/1171', '02:31:00', '[北京]', '-->', '[白涧]', '04:43:00', '1站']
2018-10-29 15:47:47,025 - ['1164', '07:18:00', '[白涧]', '-->', '[北京西]', '10:23:00', '3站']
2018-10-29 15:47:47,025 - ['K7701', '10:46:00', '[北京西]', '-->', '[宣化]', '13:48:00', '4站']
2018-10-29 15:47:47,025 - ['1456/1457', '15:28:00', '[宣化]', '-->', '[北京北]', '19:29:00', '3站']
2018-10-29 15:47:47,178 - ====================================
2018-10-29 15:47:47,178 - === [福州南]->[北京南] begin:00:00:00 ===
2018-10-29 15:47:47,178 - ====================================
2018-10-29 15:47:47,178 - 12:49:00 - 12:15:00
2018-10-29 15:47:47,178 - (次日)
2018-10-29 15:47:47,178 - (次日)
2018-10-29 15:47:47,178 - Use time:47.43 h
2018-10-29 15:47:47,179 - ['D3204', '12:49:00', '[福州南]', '-->', '[海宁]', '18:06:00', '10站']
2018-10-29 15:47:47,179 - ['Z10', '18:17:00', '[海宁]', '-->', '[北京]', '06:42:00', '1站']
2018-10-29 15:47:47,179 - ['1172/1173', '03:37:00', '[北京]', '-->', '[昌黎]', '06:31:00', '3站']
2018-10-29 15:47:47,179 - ['1206/1207', '07:33:00', '[昌黎]', '-->', '[北戴河]', '07:52:00', '1站']
2018-10-29 15:47:47,179 - ['D4538/D4535', '10:19:00', '[北戴河]', '-->', '[北京南]', '12:15:00', '1站']
2018-10-29 15:48:01,048 - ====================================
2018-10-29 15:48:01,049 - === [福州]->[北京西] begin:15:00:00 ===
2018-10-29 15:48:01,049 - ====================================
2018-10-29 15:48:01,049 - 18:00:00 - 10:23:00
2018-10-29 15:48:01,049 - (次日)
2018-10-29 15:48:01,049 - (次日)
2018-10-29 15:48:01,049 - (次日)
2018-10-29 15:48:01,049 - Use time:64.38 h
2018-10-29 15:48:01,049 - ['D6233', '18:00:00', '[福州]', '-->', '[福州南]', '18:16:00', '1站']
2018-10-29 15:48:01,049 - ['D3204', '12:49:00', '[福州南]', '-->', '[海宁]', '18:06:00', '10站']
2018-10-29 15:48:01,049 - ['Z10', '18:17:00', '[海宁]', '-->', '[北京]', '06:42:00', '1站']
2018-10-29 15:48:01,049 - ['1174/1171', '02:31:00', '[北京]', '-->', '[白涧]', '04:43:00', '1站']
2018-10-29 15:48:01,049 - ['1164', '07:18:00', '[白涧]', '-->', '[北京西]', '10:23:00', '3站']
2018-10-29 15:48:01,108 - ====================================
2018-10-29 15:48:01,109 - === [福州]->[北京] begin:15:00:00 ===
2018-10-29 15:48:01,109 - ====================================
2018-10-29 15:48:01,109 - 18:00:00 - 06:42:00
2018-10-29 15:48:01,109 - (次日)
2018-10-29 15:48:01,109 - (次日)
2018-10-29 15:48:01,109 - Use time:60.7 h
2018-10-29 15:48:01,109 - ['D6233', '18:00:00', '[福州]', '-->', '[福州南]', '18:16:00', '1站']
2018-10-29 15:48:01,109 - ['D3204', '12:49:00', '[福州南]', '-->', '[海宁]', '18:06:00', '10站']
2018-10-29 15:48:01,109 - ['Z10', '18:17:00', '[海宁]', '-->', '[北京]', '06:42:00', '1站']
2018-10-29 15:48:01,483 - ====================================
2018-10-29 15:48:01,483 - === [福州]->[北京北] begin:15:00:00 ===
2018-10-29 15:48:01,483 - ====================================
2018-10-29 15:48:01,483 - 18:00:00 - 19:29:00
2018-10-29 15:48:01,483 - (次日)
2018-10-29 15:48:01,483 - (次日)
2018-10-29 15:48:01,483 - (次日)
2018-10-29 15:48:01,483 - Use time:73.48 h
2018-10-29 15:48:01,483 - ['D6233', '18:00:00', '[福州]', '-->', '[福州南]', '18:16:00', '1站']
2018-10-29 15:48:01,483 - ['D3204', '12:49:00', '[福州南]', '-->', '[海宁]', '18:06:00', '10站']
2018-10-29 15:48:01,483 - ['Z10', '18:17:00', '[海宁]', '-->', '[北京]', '06:42:00', '1站']
2018-10-29 15:48:01,483 - ['1174/1171', '02:31:00', '[北京]', '-->', '[白涧]', '04:43:00', '1站']
2018-10-29 15:48:01,483 - ['1164', '07:18:00', '[白涧]', '-->', '[北京西]', '10:23:00', '3站']
2018-10-29 15:48:01,483 - ['K7701', '10:46:00', '[北京西]', '-->', '[宣化]', '13:48:00', '4站']
2018-10-29 15:48:01,483 - ['1456/1457', '15:28:00', '[宣化]', '-->', '[北京北]', '19:29:00', '3站']
2018-10-29 15:48:01,688 - ====================================
2018-10-29 15:48:01,688 - === [福州]->[北京南] begin:15:00:00 ===
2018-10-29 15:48:01,688 - ====================================
2018-10-29 15:48:01,688 - 18:00:00 - 12:15:00
2018-10-29 15:48:01,688 - (次日)
2018-10-29 15:48:01,688 - (次日)
2018-10-29 15:48:01,688 - (次日)
2018-10-29 15:48:01,688 - Use time:66.25 h
2018-10-29 15:48:01,688 - ['D6233', '18:00:00', '[福州]', '-->', '[福州南]', '18:16:00', '1站']
2018-10-29 15:48:01,688 - ['D3204', '12:49:00', '[福州南]', '-->', '[海宁]', '18:06:00', '10站']
2018-10-29 15:48:01,688 - ['Z10', '18:17:00', '[海宁]', '-->', '[北京]', '06:42:00', '1站']
2018-10-29 15:48:01,688 - ['1172/1173', '03:37:00', '[北京]', '-->', '[昌黎]', '06:31:00', '3站']
2018-10-29 15:48:01,688 - ['1206/1207', '07:33:00', '[昌黎]', '-->', '[北戴河]', '07:52:00', '1站']
2018-10-29 15:48:01,688 - ['D4538/D4535', '10:19:00', '[北戴河]', '-->', '[北京南]', '12:15:00', '1站']
2018-10-29 15:48:01,819 - ====================================
2018-10-29 15:48:01,819 - === [福州南]->[北京西] begin:15:00:00 ===
2018-10-29 15:48:01,819 - ====================================
2018-10-29 15:48:01,819 - 17:56:00 - 20:05:00
2018-10-29 15:48:01,819 - (次日)
2018-10-29 15:48:01,819 - Use time:26.15 h
2018-10-29 15:48:01,819 - ['D3212', '17:56:00', '[福州南]', '-->', '[杭州]', '22:51:00', '9站']
2018-10-29 15:48:01,819 - ['1034/1035', '02:00:00', '[杭州]', '-->', '[蚌埠]', '09:38:00', '8站']
2018-10-29 15:48:01,820 - ['D182/D183', '10:48:00', '[蚌埠]', '-->', '[郑州]', '14:06:00', '4站']
2018-10-29 15:48:01,820 - ['D122', '15:14:00', '[郑州]', '-->', '[北京西]', '20:05:00', '2站']
2018-10-29 15:48:01,991 - ====================================
2018-10-29 15:48:01,991 - === [福州南]->[北京] begin:15:00:00 ===
2018-10-29 15:48:01,991 - ====================================
2018-10-29 15:48:01,992 - 17:56:00 - 21:27:00
2018-10-29 15:48:01,992 - (次日)
2018-10-29 15:48:01,992 - Use time:27.52 h
2018-10-29 15:48:01,992 - ['D3212', '17:56:00', '[福州南]', '-->', '[杭州]', '22:51:00', '9站']
2018-10-29 15:48:01,992 - ['1034/1035', '02:00:00', '[杭州]', '-->', '[蚌埠]', '09:38:00', '8站']
2018-10-29 15:48:01,992 - ['D182/D183', '10:48:00', '[蚌埠]', '-->', '[徐州]', '11:56:00', '1站']
2018-10-29 15:48:01,992 - ['D30', '12:16:00', '[徐州]', '-->', '[泰山]', '14:21:00', '3站']
2018-10-29 15:48:01,992 - ['D76/D77', '14:32:00', '[泰山]', '-->', '[济南]', '15:15:00', '1站']
2018-10-29 15:48:01,992 - ['D162/D163', '15:15:00', '[济南]', '-->', '[天津]', '17:57:00', '2站']
2018-10-29 15:48:01,992 - ['1302', '19:42:00', '[天津]', '-->', '[北京]', '21:27:00', '3站']
2018-10-29 15:48:02,545 - ====================================
2018-10-29 15:48:02,546 - === [福州南]->[北京北] begin:15:00:00 ===
2018-10-29 15:48:02,546 - ====================================
2018-10-29 15:48:02,546 - 17:56:00 - 19:29:00
2018-10-29 15:48:02,546 - (次日)
2018-10-29 15:48:02,546 - (次日)
2018-10-29 15:48:02,546 - Use time:49.55 h
2018-10-29 15:48:02,546 - ['D3212', '17:56:00', '[福州南]', '-->', '[杭州]', '22:51:00', '9站']
2018-10-29 15:48:02,546 - ['1034/1035', '02:00:00', '[杭州]', '-->', '[蚌埠]', '09:38:00', '8站']
2018-10-29 15:48:02,546 - ['D182/D183', '10:48:00', '[蚌埠]', '-->', '[郑州]', '14:06:00', '4站']
2018-10-29 15:48:02,546 - ['D122', '15:14:00', '[郑州]', '-->', '[北京西]', '20:05:00', '2站']
2018-10-29 15:48:02,546 - ['1136/1133', '23:03:00', '[北京西]', '-->', '[宣化]', '01:58:00', '2站']
2018-10-29 15:48:02,546 - ['1456/1457', '15:28:00', '[宣化]', '-->', '[北京北]', '19:29:00', '3站']
2018-10-29 15:48:02,651 - ====================================
2018-10-29 15:48:02,651 - === [福州南]->[北京南] begin:15:00:00 ===
2018-10-29 15:48:02,651 - ====================================
2018-10-29 15:48:02,651 - 17:56:00 - 18:18:00
2018-10-29 15:48:02,651 - (次日)
2018-10-29 15:48:02,651 - Use time:24.37 h
2018-10-29 15:48:02,651 - ['D3212', '17:56:00', '[福州南]', '-->', '[杭州]', '22:51:00', '9站']
2018-10-29 15:48:02,651 - ['1034/1035', '02:00:00', '[杭州]', '-->', '[蚌埠]', '09:38:00', '8站']
2018-10-29 15:48:02,651 - ['D182/D183', '10:48:00', '[蚌埠]', '-->', '[徐州]', '11:56:00', '1站']
2018-10-29 15:48:02,651 - ['D30', '12:16:00', '[徐州]', '-->', '[北京南]', '18:18:00', '6站']
2018-10-29 15:48:03,436 - ====================================
2018-10-29 15:48:03,436 - === [长乐机场]->[首都国际机场] begin:15:00:00 ===
2018-10-29 15:48:03,436 - ====================================
2018-10-29 15:48:03,436 - 16:00:00 - 21:25:00
2018-10-29 15:48:03,436 - Use time:5.42 h
2018-10-29 15:48:03,436 - ['CA1178', '16:00:00', '[长乐机场]', '-->', '[遥墙机场]', '18:00:00', '1站']
2018-10-29 15:48:03,436 - ['CA1159', '20:35:00', '[遥墙机场]', '-->', '[首都国际机场]', '21:25:00', '1站']
2018-10-29 15:48:04,722 - ====================================
2018-10-29 15:48:04,722 - === [长乐机场]->[南苑机场] begin:15:00:00 ===
2018-10-29 15:48:04,722 - ====================================
2018-10-29 15:48:04,722 - 16:20:00 - 23:20:00
2018-10-29 15:48:04,722 - Use time:7.0 h
2018-10-29 15:48:04,723 - ['CZ365', '16:20:00', '[长乐机场]', '-->', '[新白云国际机场]', '17:50:00', '1站']
2018-10-29 15:48:04,723 - ['FM2276', '20:50:00', '[新白云国际机场]', '-->', '[南苑机场]', '23:20:00', '1站']
2018-10-29 15:48:17,222 - ====================================
2018-10-29 15:48:17,222 - === [福州]->[北京西] begin:15:48:00 ===
2018-10-29 15:48:17,222 - ====================================
2018-10-29 15:48:17,222 - 18:00:00 - 10:23:00
2018-10-29 15:48:17,222 - (次日)
2018-10-29 15:48:17,222 - (次日)
2018-10-29 15:48:17,222 - (次日)
2018-10-29 15:48:17,222 - Use time:64.38 h
2018-10-29 15:48:17,222 - ['D6233', '18:00:00', '[福州]', '-->', '[福州南]', '18:16:00', '1站']
2018-10-29 15:48:17,222 - ['D3204', '12:49:00', '[福州南]', '-->', '[海宁]', '18:06:00', '10站']
2018-10-29 15:48:17,222 - ['Z10', '18:17:00', '[海宁]', '-->', '[北京]', '06:42:00', '1站']
2018-10-29 15:48:17,222 - ['1174/1171', '02:31:00', '[北京]', '-->', '[白涧]', '04:43:00', '1站']
2018-10-29 15:48:17,222 - ['1164', '07:18:00', '[白涧]', '-->', '[北京西]', '10:23:00', '3站']
2018-10-29 15:48:17,292 - ====================================
2018-10-29 15:48:17,292 - === [福州]->[北京] begin:15:48:00 ===
2018-10-29 15:48:17,292 - ====================================
2018-10-29 15:48:17,292 - 18:00:00 - 06:42:00
2018-10-29 15:48:17,293 - (次日)
2018-10-29 15:48:17,293 - (次日)
2018-10-29 15:48:17,293 - Use time:60.7 h
2018-10-29 15:48:17,293 - ['D6233', '18:00:00', '[福州]', '-->', '[福州南]', '18:16:00', '1站']
2018-10-29 15:48:17,293 - ['D3204', '12:49:00', '[福州南]', '-->', '[海宁]', '18:06:00', '10站']
2018-10-29 15:48:17,293 - ['Z10', '18:17:00', '[海宁]', '-->', '[北京]', '06:42:00', '1站']
2018-10-29 15:48:17,690 - ====================================
2018-10-29 15:48:17,690 - === [福州]->[北京北] begin:15:48:00 ===
2018-10-29 15:48:17,690 - ====================================
2018-10-29 15:48:17,690 - 18:00:00 - 19:29:00
2018-10-29 15:48:17,690 - (次日)
2018-10-29 15:48:17,690 - (次日)
2018-10-29 15:48:17,690 - (次日)
2018-10-29 15:48:17,690 - Use time:73.48 h
2018-10-29 15:48:17,691 - ['D6233', '18:00:00', '[福州]', '-->', '[福州南]', '18:16:00', '1站']
2018-10-29 15:48:17,691 - ['D3204', '12:49:00', '[福州南]', '-->', '[海宁]', '18:06:00', '10站']
2018-10-29 15:48:17,691 - ['Z10', '18:17:00', '[海宁]', '-->', '[北京]', '06:42:00', '1站']
2018-10-29 15:48:17,691 - ['1174/1171', '02:31:00', '[北京]', '-->', '[白涧]', '04:43:00', '1站']
2018-10-29 15:48:17,691 - ['1164', '07:18:00', '[白涧]', '-->', '[北京西]', '10:23:00', '3站']
2018-10-29 15:48:17,691 - ['K7701', '10:46:00', '[北京西]', '-->', '[宣化]', '13:48:00', '4站']
2018-10-29 15:48:17,691 - ['1456/1457', '15:28:00', '[宣化]', '-->', '[北京北]', '19:29:00', '3站']
2018-10-29 15:48:17,895 - ====================================
2018-10-29 15:48:17,895 - === [福州]->[北京南] begin:15:48:00 ===
2018-10-29 15:48:17,896 - ====================================
2018-10-29 15:48:17,896 - 18:00:00 - 12:15:00
2018-10-29 15:48:17,896 - (次日)
2018-10-29 15:48:17,896 - (次日)
2018-10-29 15:48:17,896 - (次日)
2018-10-29 15:48:17,896 - Use time:66.25 h
2018-10-29 15:48:17,896 - ['D6233', '18:00:00', '[福州]', '-->', '[福州南]', '18:16:00', '1站']
2018-10-29 15:48:17,896 - ['D3204', '12:49:00', '[福州南]', '-->', '[海宁]', '18:06:00', '10站']
2018-10-29 15:48:17,896 - ['Z10', '18:17:00', '[海宁]', '-->', '[北京]', '06:42:00', '1站']
2018-10-29 15:48:17,896 - ['1172/1173', '03:37:00', '[北京]', '-->', '[昌黎]', '06:31:00', '3站']
2018-10-29 15:48:17,896 - ['1206/1207', '07:33:00', '[昌黎]', '-->', '[北戴河]', '07:52:00', '1站']
2018-10-29 15:48:17,896 - ['D4538/D4535', '10:19:00', '[北戴河]', '-->', '[北京南]', '12:15:00', '1站']
2018-10-29 15:48:18,028 - ====================================
2018-10-29 15:48:18,029 - === [福州南]->[北京西] begin:15:48:00 ===
2018-10-29 15:48:18,029 - ====================================
2018-10-29 15:48:18,029 - 17:56:00 - 20:05:00
2018-10-29 15:48:18,029 - (次日)
2018-10-29 15:48:18,029 - Use time:26.15 h
2018-10-29 15:48:18,029 - ['D3212', '17:56:00', '[福州南]', '-->', '[杭州]', '22:51:00', '9站']
2018-10-29 15:48:18,029 - ['1034/1035', '02:00:00', '[杭州]', '-->', '[蚌埠]', '09:38:00', '8站']
2018-10-29 15:48:18,029 - ['D182/D183', '10:48:00', '[蚌埠]', '-->', '[郑州]', '14:06:00', '4站']
2018-10-29 15:48:18,029 - ['D122', '15:14:00', '[郑州]', '-->', '[北京西]', '20:05:00', '2站']
2018-10-29 15:48:18,180 - ====================================
2018-10-29 15:48:18,180 - === [福州南]->[北京] begin:15:48:00 ===
2018-10-29 15:48:18,180 - ====================================
2018-10-29 15:48:18,180 - 17:56:00 - 21:27:00
2018-10-29 15:48:18,180 - (次日)
2018-10-29 15:48:18,180 - Use time:27.52 h
2018-10-29 15:48:18,180 - ['D3212', '17:56:00', '[福州南]', '-->', '[杭州]', '22:51:00', '9站']
2018-10-29 15:48:18,180 - ['1034/1035', '02:00:00', '[杭州]', '-->', '[蚌埠]', '09:38:00', '8站']
2018-10-29 15:48:18,180 - ['D182/D183', '10:48:00', '[蚌埠]', '-->', '[徐州]', '11:56:00', '1站']
2018-10-29 15:48:18,181 - ['D30', '12:16:00', '[徐州]', '-->', '[泰山]', '14:21:00', '3站']
2018-10-29 15:48:18,181 - ['D76/D77', '14:32:00', '[泰山]', '-->', '[济南]', '15:15:00', '1站']
2018-10-29 15:48:18,181 - ['D162/D163', '15:15:00', '[济南]', '-->', '[天津]', '17:57:00', '2站']
2018-10-29 15:48:18,181 - ['1302', '19:42:00', '[天津]', '-->', '[北京]', '21:27:00', '3站']
2018-10-29 15:48:18,757 - ====================================
2018-10-29 15:48:18,757 - === [福州南]->[北京北] begin:15:48:00 ===
2018-10-29 15:48:18,757 - ====================================
2018-10-29 15:48:18,757 - 17:56:00 - 19:29:00
2018-10-29 15:48:18,757 - (次日)
2018-10-29 15:48:18,757 - (次日)
2018-10-29 15:48:18,757 - Use time:49.55 h
2018-10-29 15:48:18,757 - ['D3212', '17:56:00', '[福州南]', '-->', '[杭州]', '22:51:00', '9站']
2018-10-29 15:48:18,757 - ['1034/1035', '02:00:00', '[杭州]', '-->', '[蚌埠]', '09:38:00', '8站']
2018-10-29 15:48:18,758 - ['D182/D183', '10:48:00', '[蚌埠]', '-->', '[郑州]', '14:06:00', '4站']
2018-10-29 15:48:18,758 - ['D122', '15:14:00', '[郑州]', '-->', '[北京西]', '20:05:00', '2站']
2018-10-29 15:48:18,758 - ['1136/1133', '23:03:00', '[北京西]', '-->', '[宣化]', '01:58:00', '2站']
2018-10-29 15:48:18,758 - ['1456/1457', '15:28:00', '[宣化]', '-->', '[北京北]', '19:29:00', '3站']
2018-10-29 15:48:18,850 - ====================================
2018-10-29 15:48:18,850 - === [福州南]->[北京南] begin:15:48:00 ===
2018-10-29 15:48:18,850 - ====================================
2018-10-29 15:48:18,850 - 17:56:00 - 18:18:00
2018-10-29 15:48:18,850 - (次日)
2018-10-29 15:48:18,850 - Use time:24.37 h
2018-10-29 15:48:18,850 - ['D3212', '17:56:00', '[福州南]', '-->', '[杭州]', '22:51:00', '9站']
2018-10-29 15:48:18,850 - ['1034/1035', '02:00:00', '[杭州]', '-->', '[蚌埠]', '09:38:00', '8站']
2018-10-29 15:48:18,850 - ['D182/D183', '10:48:00', '[蚌埠]', '-->', '[徐州]', '11:56:00', '1站']
2018-10-29 15:48:18,850 - ['D30', '12:16:00', '[徐州]', '-->', '[北京南]', '18:18:00', '6站']
2018-10-29 15:58:56,016 - ====================================
2018-10-29 15:58:56,016 - === [福州]->[北京西] begin:00:00:00 ===
2018-10-29 15:58:56,016 - ====================================
2018-10-29 15:58:56,016 - 08:54:00 - 10:23:00
2018-10-29 15:58:56,016 - (次日)
2018-10-29 15:58:56,016 - (次日)
2018-10-29 15:58:56,017 - Use time:49.48 h
2018-10-29 15:58:56,017 - ['D6243', '08:54:00', '[福州]', '-->', '[福州南]', '09:10:00', '1站']
2018-10-29 15:58:56,017 - ['D3204', '12:49:00', '[福州南]', '-->', '[海宁]', '18:06:00', '10站']
2018-10-29 15:58:56,017 - ['Z10', '18:17:00', '[海宁]', '-->', '[北京]', '06:42:00', '1站']
2018-10-29 15:58:56,017 - ['1174/1171', '02:31:00', '[北京]', '-->', '[白涧]', '04:43:00', '1站']
2018-10-29 15:58:56,017 - ['1164', '07:18:00', '[白涧]', '-->', '[北京西]', '10:23:00', '3站']
2018-10-29 15:58:56,058 - ====================================
2018-10-29 15:58:56,058 - === [福州]->[北京] begin:00:00:00 ===
2018-10-29 15:58:56,058 - ====================================
2018-10-29 15:58:56,058 - 08:54:00 - 06:42:00
2018-10-29 15:58:56,058 - (次日)
2018-10-29 15:58:56,058 - Use time:45.8 h
2018-10-29 15:58:56,058 - ['D6243', '08:54:00', '[福州]', '-->', '[福州南]', '09:10:00', '1站']
2018-10-29 15:58:56,058 - ['D3204', '12:49:00', '[福州南]', '-->', '[海宁]', '18:06:00', '10站']
2018-10-29 15:58:56,058 - ['Z10', '18:17:00', '[海宁]', '-->', '[北京]', '06:42:00', '1站']
2018-10-29 15:58:56,388 - ====================================
2018-10-29 15:58:56,388 - === [福州]->[北京北] begin:00:00:00 ===
2018-10-29 15:58:56,388 - ====================================
2018-10-29 15:58:56,388 - 08:54:00 - 19:29:00
2018-10-29 15:58:56,388 - (次日)
2018-10-29 15:58:56,388 - (次日)
2018-10-29 15:58:56,388 - Use time:58.58 h
2018-10-29 15:58:56,388 - ['D6243', '08:54:00', '[福州]', '-->', '[福州南]', '09:10:00', '1站']
2018-10-29 15:58:56,388 - ['D3204', '12:49:00', '[福州南]', '-->', '[海宁]', '18:06:00', '10站']
2018-10-29 15:58:56,388 - ['Z10', '18:17:00', '[海宁]', '-->', '[北京]', '06:42:00', '1站']
2018-10-29 15:58:56,388 - ['1174/1171', '02:31:00', '[北京]', '-->', '[白涧]', '04:43:00', '1站']
2018-10-29 15:58:56,388 - ['1164', '07:18:00', '[白涧]', '-->', '[北京西]', '10:23:00', '3站']
2018-10-29 15:58:56,388 - ['K7701', '10:46:00', '[北京西]', '-->', '[宣化]', '13:48:00', '4站']
2018-10-29 15:58:56,388 - ['1456/1457', '15:28:00', '[宣化]', '-->', '[北京北]', '19:29:00', '3站']
2018-10-29 15:58:56,536 - ====================================
2018-10-29 15:58:56,536 - === [福州]->[北京南] begin:00:00:00 ===
2018-10-29 15:58:56,536 - ====================================
2018-10-29 15:58:56,536 - 08:54:00 - 12:15:00
2018-10-29 15:58:56,536 - (次日)
2018-10-29 15:58:56,536 - (次日)
2018-10-29 15:58:56,536 - Use time:51.35 h
2018-10-29 15:58:56,537 - ['D6243', '08:54:00', '[福州]', '-->', '[福州南]', '09:10:00', '1站']
2018-10-29 15:58:56,537 - ['D3204', '12:49:00', '[福州南]', '-->', '[海宁]', '18:06:00', '10站']
2018-10-29 15:58:56,537 - ['Z10', '18:17:00', '[海宁]', '-->', '[北京]', '06:42:00', '1站']
2018-10-29 15:58:56,537 - ['1172/1173', '03:37:00', '[北京]', '-->', '[昌黎]', '06:31:00', '3站']
2018-10-29 15:58:56,537 - ['1206/1207', '07:33:00', '[昌黎]', '-->', '[北戴河]', '07:52:00', '1站']
2018-10-29 15:58:56,537 - ['D4538/D4535', '10:19:00', '[北戴河]', '-->', '[北京南]', '12:15:00', '1站']
2018-10-29 15:58:56,631 - ====================================
2018-10-29 15:58:56,631 - === [福州南]->[北京西] begin:00:00:00 ===
2018-10-29 15:58:56,631 - ====================================
2018-10-29 15:58:56,631 - 12:49:00 - 10:23:00
2018-10-29 15:58:56,631 - (次日)
2018-10-29 15:58:56,631 - (次日)
2018-10-29 15:58:56,631 - Use time:45.57 h
2018-10-29 15:58:56,631 - ['D3204', '12:49:00', '[福州南]', '-->', '[海宁]', '18:06:00', '10站']
2018-10-29 15:58:56,631 - ['Z10', '18:17:00', '[海宁]', '-->', '[北京]', '06:42:00', '1站']
2018-10-29 15:58:56,631 - ['1174/1171', '02:31:00', '[北京]', '-->', '[白涧]', '04:43:00', '1站']
2018-10-29 15:58:56,631 - ['1164', '07:18:00', '[白涧]', '-->', '[北京西]', '10:23:00', '3站']
2018-10-29 15:58:56,672 - ====================================
2018-10-29 15:58:56,673 - === [福州南]->[北京] begin:00:00:00 ===
2018-10-29 15:58:56,673 - ====================================
2018-10-29 15:58:56,673 - 12:49:00 - 06:42:00
2018-10-29 15:58:56,673 - (次日)
2018-10-29 15:58:56,673 - Use time:41.88 h
2018-10-29 15:58:56,673 - ['D3204', '12:49:00', '[福州南]', '-->', '[海宁]', '18:06:00', '10站']
2018-10-29 15:58:56,673 - ['Z10', '18:17:00', '[海宁]', '-->', '[北京]', '06:42:00', '1站']
2018-10-29 15:58:57,018 - ====================================
2018-10-29 15:58:57,018 - === [福州南]->[北京北] begin:00:00:00 ===
2018-10-29 15:58:57,018 - ====================================
2018-10-29 15:58:57,018 - 12:49:00 - 19:29:00
2018-10-29 15:58:57,018 - (次日)
2018-10-29 15:58:57,018 - (次日)
2018-10-29 15:58:57,018 - Use time:54.67 h
2018-10-29 15:58:57,018 - ['D3204', '12:49:00', '[福州南]', '-->', '[海宁]', '18:06:00', '10站']
2018-10-29 15:58:57,018 - ['Z10', '18:17:00', '[海宁]', '-->', '[北京]', '06:42:00', '1站']
2018-10-29 15:58:57,018 - ['1174/1171', '02:31:00', '[北京]', '-->', '[白涧]', '04:43:00', '1站']
2018-10-29 15:58:57,018 - ['1164', '07:18:00', '[白涧]', '-->', '[北京西]', '10:23:00', '3站']
2018-10-29 15:58:57,018 - ['K7701', '10:46:00', '[北京西]', '-->', '[宣化]', '13:48:00', '4站']
2018-10-29 15:58:57,018 - ['1456/1457', '15:28:00', '[宣化]', '-->', '[北京北]', '19:29:00', '3站']
2018-10-29 15:58:57,169 - ====================================
2018-10-29 15:58:57,170 - === [福州南]->[北京南] begin:00:00:00 ===
2018-10-29 15:58:57,170 - ====================================
2018-10-29 15:58:57,170 - 12:49:00 - 12:15:00
2018-10-29 15:58:57,170 - (次日)
2018-10-29 15:58:57,170 - (次日)
2018-10-29 15:58:57,170 - Use time:47.43 h
2018-10-29 15:58:57,170 - ['D3204', '12:49:00', '[福州南]', '-->', '[海宁]', '18:06:00', '10站']
2018-10-29 15:58:57,170 - ['Z10', '18:17:00', '[海宁]', '-->', '[北京]', '06:42:00', '1站']
2018-10-29 15:58:57,170 - ['1172/1173', '03:37:00', '[北京]', '-->', '[昌黎]', '06:31:00', '3站']
2018-10-29 15:58:57,170 - ['1206/1207', '07:33:00', '[昌黎]', '-->', '[北戴河]', '07:52:00', '1站']
2018-10-29 15:58:57,170 - ['D4538/D4535', '10:19:00', '[北戴河]', '-->', '[北京南]', '12:15:00', '1站']
2018-10-29 15:59:03,018 - ====================================
2018-10-29 15:59:03,018 - === [长乐机场]->[首都国际机场] begin:00:00:00 ===
2018-10-29 15:59:03,019 - ====================================
2018-10-29 15:59:03,019 - 08:30:00 - 11:05:00
2018-10-29 15:59:03,019 - Use time:2.58 h
2018-10-29 15:59:03,019 - ['CA1822', '08:30:00', '[长乐机场]', '-->', '[首都国际机场]', '11:05:00', '1站']
2018-10-29 15:59:04,134 - ====================================
2018-10-29 15:59:04,134 - === [长乐机场]->[南苑机场] begin:00:00:00 ===
2018-10-29 15:59:04,134 - ====================================
2018-10-29 15:59:04,134 - 08:30:00 - 14:55:00
2018-10-29 15:59:04,135 - Use time:6.42 h
2018-10-29 15:59:04,135 - ['CA1822', '08:30:00', '[长乐机场]', '-->', '[首都国际机场]', '11:05:00', '1站']
2018-10-29 15:59:04,135 - ['CA1111', '11:25:00', '[首都国际机场]', '-->', '[白塔机场]', '12:30:00', '1站']
2018-10-29 15:59:04,135 - ['FM2938', '14:05:00', '[白塔机场]', '-->', '[南苑机场]', '14:55:00', '1站']
2018-10-29 15:59:07,438 - ====================================
2018-10-29 15:59:07,438 - === [福州]->[北京西] begin:00:00:00 ===
2018-10-29 15:59:07,438 - ====================================
2018-10-29 15:59:07,438 - 08:54:00 - 10:23:00
2018-10-29 15:59:07,438 - (次日)
2018-10-29 15:59:07,438 - (次日)
2018-10-29 15:59:07,438 - Use time:49.48 h
2018-10-29 15:59:07,438 - ['D6243', '08:54:00', '[福州]', '-->', '[福州南]', '09:10:00', '1站']
2018-10-29 15:59:07,438 - ['D3204', '12:49:00', '[福州南]', '-->', '[海宁]', '18:06:00', '10站']
2018-10-29 15:59:07,438 - ['Z10', '18:17:00', '[海宁]', '-->', '[北京]', '06:42:00', '1站']
2018-10-29 15:59:07,439 - ['1174/1171', '02:31:00', '[北京]', '-->', '[白涧]', '04:43:00', '1站']
2018-10-29 15:59:07,439 - ['1164', '07:18:00', '[白涧]', '-->', '[北京西]', '10:23:00', '3站']
2018-10-29 15:59:07,479 - ====================================
2018-10-29 15:59:07,479 - === [福州]->[北京] begin:00:00:00 ===
2018-10-29 15:59:07,479 - ====================================
2018-10-29 15:59:07,479 - 08:54:00 - 06:42:00
2018-10-29 15:59:07,479 - (次日)
2018-10-29 15:59:07,479 - Use time:45.8 h
2018-10-29 15:59:07,480 - ['D6243', '08:54:00', '[福州]', '-->', '[福州南]', '09:10:00', '1站']
2018-10-29 15:59:07,480 - ['D3204', '12:49:00', '[福州南]', '-->', '[海宁]', '18:06:00', '10站']
2018-10-29 15:59:07,480 - ['Z10', '18:17:00', '[海宁]', '-->', '[北京]', '06:42:00', '1站']
2018-10-29 15:59:07,813 - ====================================
2018-10-29 15:59:07,813 - === [福州]->[北京北] begin:00:00:00 ===
2018-10-29 15:59:07,813 - ====================================
2018-10-29 15:59:07,813 - 08:54:00 - 19:29:00
2018-10-29 15:59:07,813 - (次日)
2018-10-29 15:59:07,813 - (次日)
2018-10-29 15:59:07,814 - Use time:58.58 h
2018-10-29 15:59:07,814 - ['D6243', '08:54:00', '[福州]', '-->', '[福州南]', '09:10:00', '1站']
2018-10-29 15:59:07,814 - ['D3204', '12:49:00', '[福州南]', '-->', '[海宁]', '18:06:00', '10站']
2018-10-29 15:59:07,814 - ['Z10', '18:17:00', '[海宁]', '-->', '[北京]', '06:42:00', '1站']
2018-10-29 15:59:07,814 - ['1174/1171', '02:31:00', '[北京]', '-->', '[白涧]', '04:43:00', '1站']
2018-10-29 15:59:07,814 - ['1164', '07:18:00', '[白涧]', '-->', '[北京西]', '10:23:00', '3站']
2018-10-29 15:59:07,814 - ['K7701', '10:46:00', '[北京西]', '-->', '[宣化]', '13:48:00', '4站']
2018-10-29 15:59:07,814 - ['1456/1457', '15:28:00', '[宣化]', '-->', '[北京北]', '19:29:00', '3站']
2018-10-29 15:59:07,974 - ====================================
2018-10-29 15:59:07,974 - === [福州]->[北京南] begin:00:00:00 ===
2018-10-29 15:59:07,974 - ====================================
2018-10-29 15:59:07,974 - 08:54:00 - 12:15:00
2018-10-29 15:59:07,974 - (次日)
2018-10-29 15:59:07,975 - (次日)
2018-10-29 15:59:07,975 - Use time:51.35 h
2018-10-29 15:59:07,975 - ['D6243', '08:54:00', '[福州]', '-->', '[福州南]', '09:10:00', '1站']
2018-10-29 15:59:07,975 - ['D3204', '12:49:00', '[福州南]', '-->', '[海宁]', '18:06:00', '10站']
2018-10-29 15:59:07,975 - ['Z10', '18:17:00', '[海宁]', '-->', '[北京]', '06:42:00', '1站']
2018-10-29 15:59:07,975 - ['1172/1173', '03:37:00', '[北京]', '-->', '[昌黎]', '06:31:00', '3站']
2018-10-29 15:59:07,975 - ['1206/1207', '07:33:00', '[昌黎]', '-->', '[北戴河]', '07:52:00', '1站']
2018-10-29 15:59:07,975 - ['D4538/D4535', '10:19:00', '[北戴河]', '-->', '[北京南]', '12:15:00', '1站']
2018-10-29 15:59:08,073 - ====================================
2018-10-29 15:59:08,074 - === [福州南]->[北京西] begin:00:00:00 ===
2018-10-29 15:59:08,074 - ====================================
2018-10-29 15:59:08,074 - 12:49:00 - 10:23:00
2018-10-29 15:59:08,074 - (次日)
2018-10-29 15:59:08,074 - (次日)
2018-10-29 15:59:08,074 - Use time:45.57 h
2018-10-29 15:59:08,074 - ['D3204', '12:49:00', '[福州南]', '-->', '[海宁]', '18:06:00', '10站']
2018-10-29 15:59:08,074 - ['Z10', '18:17:00', '[海宁]', '-->', '[北京]', '06:42:00', '1站']
2018-10-29 15:59:08,074 - ['1174/1171', '02:31:00', '[北京]', '-->', '[白涧]', '04:43:00', '1站']
2018-10-29 15:59:08,074 - ['1164', '07:18:00', '[白涧]', '-->', '[北京西]', '10:23:00', '3站']
2018-10-29 15:59:08,116 - ====================================
2018-10-29 15:59:08,116 - === [福州南]->[北京] begin:00:00:00 ===
2018-10-29 15:59:08,116 - ====================================
2018-10-29 15:59:08,116 - 12:49:00 - 06:42:00
2018-10-29 15:59:08,116 - (次日)
2018-10-29 15:59:08,116 - Use time:41.88 h
2018-10-29 15:59:08,117 - ['D3204', '12:49:00', '[福州南]', '-->', '[海宁]', '18:06:00', '10站']
2018-10-29 15:59:08,117 - ['Z10', '18:17:00', '[海宁]', '-->', '[北京]', '06:42:00', '1站']
2018-10-29 15:59:08,462 - ====================================
2018-10-29 15:59:08,463 - === [福州南]->[北京北] begin:00:00:00 ===
2018-10-29 15:59:08,463 - ====================================
2018-10-29 15:59:08,463 - 12:49:00 - 19:29:00
2018-10-29 15:59:08,463 - (次日)
2018-10-29 15:59:08,463 - (次日)
2018-10-29 15:59:08,463 - Use time:54.67 h
2018-10-29 15:59:08,463 - ['D3204', '12:49:00', '[福州南]', '-->', '[海宁]', '18:06:00', '10站']
2018-10-29 15:59:08,463 - ['Z10', '18:17:00', '[海宁]', '-->', '[北京]', '06:42:00', '1站']
2018-10-29 15:59:08,463 - ['1174/1171', '02:31:00', '[北京]', '-->', '[白涧]', '04:43:00', '1站']
2018-10-29 15:59:08,463 - ['1164', '07:18:00', '[白涧]', '-->', '[北京西]', '10:23:00', '3站']
2018-10-29 15:59:08,463 - ['K7701', '10:46:00', '[北京西]', '-->', '[宣化]', '13:48:00', '4站']
2018-10-29 15:59:08,463 - ['1456/1457', '15:28:00', '[宣化]', '-->', '[北京北]', '19:29:00', '3站']
2018-10-29 15:59:08,623 - ====================================
2018-10-29 15:59:08,623 - === [福州南]->[北京南] begin:00:00:00 ===
2018-10-29 15:59:08,623 - ====================================
2018-10-29 15:59:08,623 - 12:49:00 - 12:15:00
2018-10-29 15:59:08,623 - (次日)
2018-10-29 15:59:08,623 - (次日)
2018-10-29 15:59:08,623 - Use time:47.43 h
2018-10-29 15:59:08,623 - ['D3204', '12:49:00', '[福州南]', '-->', '[海宁]', '18:06:00', '10站']
2018-10-29 15:59:08,623 - ['Z10', '18:17:00', '[海宁]', '-->', '[北京]', '06:42:00', '1站']
2018-10-29 15:59:08,623 - ['1172/1173', '03:37:00', '[北京]', '-->', '[昌黎]', '06:31:00', '3站']
2018-10-29 15:59:08,623 - ['1206/1207', '07:33:00', '[昌黎]', '-->', '[北戴河]', '07:52:00', '1站']
2018-10-29 15:59:08,623 - ['D4538/D4535', '10:19:00', '[北戴河]', '-->', '[北京南]', '12:15:00', '1站']
2018-10-29 15:59:08,631 - ====================================
2018-10-29 15:59:08,631 - === [长乐机场]->[首都国际机场] begin:00:00:00 ===
2018-10-29 15:59:08,631 - ====================================
2018-10-29 15:59:08,631 - 08:30:00 - 11:05:00
2018-10-29 15:59:08,631 - Use time:2.58 h
2018-10-29 15:59:08,631 - ['CA1822', '08:30:00', '[长乐机场]', '-->', '[首都国际机场]', '11:05:00', '1站']
2018-10-29 15:59:09,776 - ====================================
2018-10-29 15:59:09,776 - === [长乐机场]->[南苑机场] begin:00:00:00 ===
2018-10-29 15:59:09,776 - ====================================
2018-10-29 15:59:09,776 - 08:30:00 - 14:55:00
2018-10-29 15:59:09,776 - Use time:6.42 h
2018-10-29 15:59:09,776 - ['CA1822', '08:30:00', '[长乐机场]', '-->', '[首都国际机场]', '11:05:00', '1站']
2018-10-29 15:59:09,776 - ['CA1111', '11:25:00', '[首都国际机场]', '-->', '[白塔机场]', '12:30:00', '1站']
2018-10-29 15:59:09,776 - ['FM2938', '14:05:00', '[白塔机场]', '-->', '[南苑机场]', '14:55:00', '1站']
2018-10-29 15:59:13,174 - ====================================
2018-10-29 15:59:13,174 - === [福州]->[北京西] begin:00:00:00 ===
2018-10-29 15:59:13,174 - ====================================
2018-10-29 15:59:13,174 - 08:54:00 - 10:23:00
2018-10-29 15:59:13,174 - (次日)
2018-10-29 15:59:13,174 - (次日)
2018-10-29 15:59:13,174 - Use time:49.48 h
2018-10-29 15:59:13,174 - ['D6243', '08:54:00', '[福州]', '-->', '[福州南]', '09:10:00', '1站']
2018-10-29 15:59:13,174 - ['D3204', '12:49:00', '[福州南]', '-->', '[海宁]', '18:06:00', '10站']
2018-10-29 15:59:13,174 - ['Z10', '18:17:00', '[海宁]', '-->', '[北京]', '06:42:00', '1站']
2018-10-29 15:59:13,174 - ['1174/1171', '02:31:00', '[北京]', '-->', '[白涧]', '04:43:00', '1站']
2018-10-29 15:59:13,174 - ['1164', '07:18:00', '[白涧]', '-->', '[北京西]', '10:23:00', '3站']
2018-10-29 15:59:13,214 - ====================================
2018-10-29 15:59:13,214 - === [福州]->[北京] begin:00:00:00 ===
2018-10-29 15:59:13,215 - ====================================
2018-10-29 15:59:13,215 - 08:54:00 - 06:42:00
2018-10-29 15:59:13,215 - (次日)
2018-10-29 15:59:13,215 - Use time:45.8 h
2018-10-29 15:59:13,215 - ['D6243', '08:54:00', '[福州]', '-->', '[福州南]', '09:10:00', '1站']
2018-10-29 15:59:13,215 - ['D3204', '12:49:00', '[福州南]', '-->', '[海宁]', '18:06:00', '10站']
2018-10-29 15:59:13,215 - ['Z10', '18:17:00', '[海宁]', '-->', '[北京]', '06:42:00', '1站']
2018-10-29 15:59:13,537 - ====================================
2018-10-29 15:59:13,537 - === [福州]->[北京北] begin:00:00:00 ===
2018-10-29 15:59:13,537 - ====================================
2018-10-29 15:59:13,537 - 08:54:00 - 19:29:00
2018-10-29 15:59:13,537 - (次日)
2018-10-29 15:59:13,537 - (次日)
2018-10-29 15:59:13,537 - Use time:58.58 h
2018-10-29 15:59:13,537 - ['D6243', '08:54:00', '[福州]', '-->', '[福州南]', '09:10:00', '1站']
2018-10-29 15:59:13,537 - ['D3204', '12:49:00', '[福州南]', '-->', '[海宁]', '18:06:00', '10站']
2018-10-29 15:59:13,537 - ['Z10', '18:17:00', '[海宁]', '-->', '[北京]', '06:42:00', '1站']
2018-10-29 15:59:13,537 - ['1174/1171', '02:31:00', '[北京]', '-->', '[白涧]', '04:43:00', '1站']
2018-10-29 15:59:13,537 - ['1164', '07:18:00', '[白涧]', '-->', '[北京西]', '10:23:00', '3站']
2018-10-29 15:59:13,537 - ['K7701', '10:46:00', '[北京西]', '-->', '[宣化]', '13:48:00', '4站']
2018-10-29 15:59:13,537 - ['1456/1457', '15:28:00', '[宣化]', '-->', '[北京北]', '19:29:00', '3站']
2018-10-29 15:59:13,695 - ====================================
2018-10-29 15:59:13,695 - === [福州]->[北京南] begin:00:00:00 ===
2018-10-29 15:59:13,695 - ====================================
2018-10-29 15:59:13,695 - 08:54:00 - 12:15:00
2018-10-29 15:59:13,695 - (次日)
2018-10-29 15:59:13,695 - (次日)
2018-10-29 15:59:13,695 - Use time:51.35 h
2018-10-29 15:59:13,695 - ['D6243', '08:54:00', '[福州]', '-->', '[福州南]', '09:10:00', '1站']
2018-10-29 15:59:13,695 - ['D3204', '12:49:00', '[福州南]', '-->', '[海宁]', '18:06:00', '10站']
2018-10-29 15:59:13,695 - ['Z10', '18:17:00', '[海宁]', '-->', '[北京]', '06:42:00', '1站']
2018-10-29 15:59:13,696 - ['1172/1173', '03:37:00', '[北京]', '-->', '[昌黎]', '06:31:00', '3站']
2018-10-29 15:59:13,696 - ['1206/1207', '07:33:00', '[昌黎]', '-->', '[北戴河]', '07:52:00', '1站']
2018-10-29 15:59:13,696 - ['D4538/D4535', '10:19:00', '[北戴河]', '-->', '[北京南]', '12:15:00', '1站']
2018-10-29 15:59:13,794 - ====================================
2018-10-29 15:59:13,795 - === [福州南]->[北京西] begin:00:00:00 ===
2018-10-29 15:59:13,795 - ====================================
2018-10-29 15:59:13,795 - 12:49:00 - 10:23:00
2018-10-29 15:59:13,795 - (次日)
2018-10-29 15:59:13,795 - (次日)
2018-10-29 15:59:13,795 - Use time:45.57 h
2018-10-29 15:59:13,795 - ['D3204', '12:49:00', '[福州南]', '-->', '[海宁]', '18:06:00', '10站']
2018-10-29 15:59:13,795 - ['Z10', '18:17:00', '[海宁]', '-->', '[北京]', '06:42:00', '1站']
2018-10-29 15:59:13,795 - ['1174/1171', '02:31:00', '[北京]', '-->', '[白涧]', '04:43:00', '1站']
2018-10-29 15:59:13,795 - ['1164', '07:18:00', '[白涧]', '-->', '[北京西]', '10:23:00', '3站']
2018-10-29 15:59:13,836 - ====================================
2018-10-29 15:59:13,837 - === [福州南]->[北京] begin:00:00:00 ===
2018-10-29 15:59:13,837 - ====================================
2018-10-29 15:59:13,837 - 12:49:00 - 06:42:00
2018-10-29 15:59:13,837 - (次日)
2018-10-29 15:59:13,837 - Use time:41.88 h
2018-10-29 15:59:13,837 - ['D3204', '12:49:00', '[福州南]', '-->', '[海宁]', '18:06:00', '10站']
2018-10-29 15:59:13,837 - ['Z10', '18:17:00', '[海宁]', '-->', '[北京]', '06:42:00', '1站']
2018-10-29 15:59:14,166 - ====================================
2018-10-29 15:59:14,166 - === [福州南]->[北京北] begin:00:00:00 ===
2018-10-29 15:59:14,166 - ====================================
2018-10-29 15:59:14,166 - 12:49:00 - 19:29:00
2018-10-29 15:59:14,167 - (次日)
2018-10-29 15:59:14,167 - (次日)
2018-10-29 15:59:14,167 - Use time:54.67 h
2018-10-29 15:59:14,167 - ['D3204', '12:49:00', '[福州南]', '-->', '[海宁]', '18:06:00', '10站']
2018-10-29 15:59:14,167 - ['Z10', '18:17:00', '[海宁]', '-->', '[北京]', '06:42:00', '1站']
2018-10-29 15:59:14,167 - ['1174/1171', '02:31:00', '[北京]', '-->', '[白涧]', '04:43:00', '1站']
2018-10-29 15:59:14,167 - ['1164', '07:18:00', '[白涧]', '-->', '[北京西]', '10:23:00', '3站']
2018-10-29 15:59:14,167 - ['K7701', '10:46:00', '[北京西]', '-->', '[宣化]', '13:48:00', '4站']
2018-10-29 15:59:14,167 - ['1456/1457', '15:28:00', '[宣化]', '-->', '[北京北]', '19:29:00', '3站']
2018-10-29 15:59:14,328 - ====================================
2018-10-29 15:59:14,328 - === [福州南]->[北京南] begin:00:00:00 ===
2018-10-29 15:59:14,328 - ====================================
2018-10-29 15:59:14,329 - 12:49:00 - 12:15:00
2018-10-29 15:59:14,329 - (次日)
2018-10-29 15:59:14,329 - (次日)
2018-10-29 15:59:14,329 - Use time:47.43 h
2018-10-29 15:59:14,329 - ['D3204', '12:49:00', '[福州南]', '-->', '[海宁]', '18:06:00', '10站']
2018-10-29 15:59:14,329 - ['Z10', '18:17:00', '[海宁]', '-->', '[北京]', '06:42:00', '1站']
2018-10-29 15:59:14,329 - ['1172/1173', '03:37:00', '[北京]', '-->', '[昌黎]', '06:31:00', '3站']
2018-10-29 15:59:14,329 - ['1206/1207', '07:33:00', '[昌黎]', '-->', '[北戴河]', '07:52:00', '1站']
2018-10-29 15:59:14,329 - ['D4538/D4535', '10:19:00', '[北戴河]', '-->', '[北京南]', '12:15:00', '1站']
2018-10-29 16:26:18,164 - ====================================
2018-10-29 16:26:18,164 - === [福州]->[北京西] begin:00:00:00 ===
2018-10-29 16:26:18,164 - ====================================
2018-10-29 16:26:18,164 - 08:54:00 - 10:23:00
2018-10-29 16:26:18,164 - (次日)
2018-10-29 16:26:18,164 - (次日)
2018-10-29 16:26:18,164 - Use time:49.48 h
2018-10-29 16:26:18,165 - ['D6243', '08:54:00', '[福州]', '-->', '[福州南]', '09:10:00', '1站']
2018-10-29 16:26:18,165 - ['D3204', '12:49:00', '[福州南]', '-->', '[海宁]', '18:06:00', '10站']
2018-10-29 16:26:18,165 - ['Z10', '18:17:00', '[海宁]', '-->', '[北京]', '06:42:00', '1站']
2018-10-29 16:26:18,165 - ['1174/1171', '02:31:00', '[北京]', '-->', '[白涧]', '04:43:00', '1站']
2018-10-29 16:26:18,165 - ['1164', '07:18:00', '[白涧]', '-->', '[北京西]', '10:23:00', '3站']
2018-10-29 16:26:18,203 - ====================================
2018-10-29 16:26:18,203 - === [福州]->[北京] begin:00:00:00 ===
2018-10-29 16:26:18,203 - ====================================
2018-10-29 16:26:18,203 - 08:54:00 - 06:42:00
2018-10-29 16:26:18,203 - (次日)
2018-10-29 16:26:18,203 - Use time:45.8 h
2018-10-29 16:26:18,203 - ['D6243', '08:54:00', '[福州]', '-->', '[福州南]', '09:10:00', '1站']
2018-10-29 16:26:18,204 - ['D3204', '12:49:00', '[福州南]', '-->', '[海宁]', '18:06:00', '10站']
2018-10-29 16:26:18,204 - ['Z10', '18:17:00', '[海宁]', '-->', '[北京]', '06:42:00', '1站']
2018-10-29 16:26:18,541 - ====================================
2018-10-29 16:26:18,541 - === [福州]->[北京北] begin:00:00:00 ===
2018-10-29 16:26:18,541 - ====================================
2018-10-29 16:26:18,541 - 08:54:00 - 19:29:00
2018-10-29 16:26:18,541 - (次日)
2018-10-29 16:26:18,541 - (次日)
2018-10-29 16:26:18,541 - Use time:58.58 h
2018-10-29 16:26:18,541 - ['D6243', '08:54:00', '[福州]', '-->', '[福州南]', '09:10:00', '1站']
2018-10-29 16:26:18,542 - ['D3204', '12:49:00', '[福州南]', '-->', '[海宁]', '18:06:00', '10站']
2018-10-29 16:26:18,542 - ['Z10', '18:17:00', '[海宁]', '-->', '[北京]', '06:42:00', '1站']
2018-10-29 16:26:18,542 - ['1174/1171', '02:31:00', '[北京]', '-->', '[白涧]', '04:43:00', '1站']
2018-10-29 16:26:18,542 - ['1164', '07:18:00', '[白涧]', '-->', '[北京西]', '10:23:00', '3站']
2018-10-29 16:26:18,542 - ['K7701', '10:46:00', '[北京西]', '-->', '[宣化]', '13:48:00', '4站']
2018-10-29 16:26:18,542 - ['1456/1457', '15:28:00', '[宣化]', '-->', '[北京北]', '19:29:00', '3站']
2018-10-29 16:26:18,698 - ====================================
2018-10-29 16:26:18,699 - === [福州]->[北京南] begin:00:00:00 ===
2018-10-29 16:26:18,699 - ====================================
2018-10-29 16:26:18,699 - 08:54:00 - 12:15:00
2018-10-29 16:26:18,699 - (次日)
2018-10-29 16:26:18,699 - (次日)
2018-10-29 16:26:18,699 - Use time:51.35 h
2018-10-29 16:26:18,699 - ['D6243', '08:54:00', '[福州]', '-->', '[福州南]', '09:10:00', '1站']
2018-10-29 16:26:18,699 - ['D3204', '12:49:00', '[福州南]', '-->', '[海宁]', '18:06:00', '10站']
2018-10-29 16:26:18,699 - ['Z10', '18:17:00', '[海宁]', '-->', '[北京]', '06:42:00', '1站']
2018-10-29 16:26:18,699 - ['1172/1173', '03:37:00', '[北京]', '-->', '[昌黎]', '06:31:00', '3站']
2018-10-29 16:26:18,699 - ['1206/1207', '07:33:00', '[昌黎]', '-->', '[北戴河]', '07:52:00', '1站']
2018-10-29 16:26:18,699 - ['D4538/D4535', '10:19:00', '[北戴河]', '-->', '[北京南]', '12:15:00', '1站']
2018-10-29 16:26:18,795 - ====================================
2018-10-29 16:26:18,795 - === [福州南]->[北京西] begin:00:00:00 ===
2018-10-29 16:26:18,795 - ====================================
2018-10-29 16:26:18,795 - 12:49:00 - 10:23:00
2018-10-29 16:26:18,795 - (次日)
2018-10-29 16:26:18,796 - (次日)
2018-10-29 16:26:18,796 - Use time:45.57 h
2018-10-29 16:26:18,796 - ['D3204', '12:49:00', '[福州南]', '-->', '[海宁]', '18:06:00', '10站']
2018-10-29 16:26:18,796 - ['Z10', '18:17:00', '[海宁]', '-->', '[北京]', '06:42:00', '1站']
2018-10-29 16:26:18,796 - ['1174/1171', '02:31:00', '[北京]', '-->', '[白涧]', '04:43:00', '1站']
2018-10-29 16:26:18,796 - ['1164', '07:18:00', '[白涧]', '-->', '[北京西]', '10:23:00', '3站']
2018-10-29 16:26:18,834 - ====================================
2018-10-29 16:26:18,835 - === [福州南]->[北京] begin:00:00:00 ===
2018-10-29 16:26:18,835 - ====================================
2018-10-29 16:26:18,835 - 12:49:00 - 06:42:00
2018-10-29 16:26:18,835 - (次日)
2018-10-29 16:26:18,835 - Use time:41.88 h
2018-10-29 16:26:18,835 - ['D3204', '12:49:00', '[福州南]', '-->', '[海宁]', '18:06:00', '10站']
2018-10-29 16:26:18,835 - ['Z10', '18:17:00', '[海宁]', '-->', '[北京]', '06:42:00', '1站']
2018-10-29 16:26:19,176 - ====================================
2018-10-29 16:26:19,176 - === [福州南]->[北京北] begin:00:00:00 ===
2018-10-29 16:26:19,176 - ====================================
2018-10-29 16:26:19,176 - 12:49:00 - 19:29:00
2018-10-29 16:26:19,176 - (次日)
2018-10-29 16:26:19,176 - (次日)
2018-10-29 16:26:19,176 - Use time:54.67 h
2018-10-29 16:26:19,176 - ['D3204', '12:49:00', '[福州南]', '-->', '[海宁]', '18:06:00', '10站']
2018-10-29 16:26:19,176 - ['Z10', '18:17:00', '[海宁]', '-->', '[北京]', '06:42:00', '1站']
2018-10-29 16:26:19,177 - ['1174/1171', '02:31:00', '[北京]', '-->', '[白涧]', '04:43:00', '1站']
2018-10-29 16:26:19,177 - ['1164', '07:18:00', '[白涧]', '-->', '[北京西]', '10:23:00', '3站']
2018-10-29 16:26:19,177 - ['K7701', '10:46:00', '[北京西]', '-->', '[宣化]', '13:48:00', '4站']
2018-10-29 16:26:19,177 - ['1456/1457', '15:28:00', '[宣化]', '-->', '[北京北]', '19:29:00', '3站']
2018-10-29 16:26:19,324 - ====================================
2018-10-29 16:26:19,324 - === [福州南]->[北京南] begin:00:00:00 ===
2018-10-29 16:26:19,324 - ====================================
2018-10-29 16:26:19,324 - 12:49:00 - 12:15:00
2018-10-29 16:26:19,324 - (次日)
2018-10-29 16:26:19,325 - (次日)
2018-10-29 16:26:19,325 - Use time:47.43 h
2018-10-29 16:26:19,325 - ['D3204', '12:49:00', '[福州南]', '-->', '[海宁]', '18:06:00', '10站']
2018-10-29 16:26:19,325 - ['Z10', '18:17:00', '[海宁]', '-->', '[北京]', '06:42:00', '1站']
2018-10-29 16:26:19,325 - ['1172/1173', '03:37:00', '[北京]', '-->', '[昌黎]', '06:31:00', '3站']
2018-10-29 16:26:19,325 - ['1206/1207', '07:33:00', '[昌黎]', '-->', '[北戴河]', '07:52:00', '1站']
2018-10-29 16:26:19,325 - ['D4538/D4535', '10:19:00', '[北戴河]', '-->', '[北京南]', '12:15:00', '1站']
2018-10-29 16:26:19,332 - ====================================
2018-10-29 16:26:19,332 - === [长乐机场]->[首都国际机场] begin:00:00:00 ===
2018-10-29 16:26:19,332 - ====================================
2018-10-29 16:26:19,332 - 08:30:00 - 11:05:00
2018-10-29 16:26:19,332 - Use time:2.58 h
2018-10-29 16:26:19,333 - ['CA1822', '08:30:00', '[长乐机场]', '-->', '[首都国际机场]', '11:05:00', '1站']
2018-10-29 16:26:20,449 - ====================================
2018-10-29 16:26:20,449 - === [长乐机场]->[南苑机场] begin:00:00:00 ===
2018-10-29 16:26:20,449 - ====================================
2018-10-29 16:26:20,449 - 08:30:00 - 14:55:00
2018-10-29 16:26:20,449 - Use time:6.42 h
2018-10-29 16:26:20,450 - ['CA1822', '08:30:00', '[长乐机场]', '-->', '[首都国际机场]', '11:05:00', '1站']
2018-10-29 16:26:20,450 - ['CA1111', '11:25:00', '[首都国际机场]', '-->', '[白塔机场]', '12:30:00', '1站']
2018-10-29 16:26:20,450 - ['FM2938', '14:05:00', '[白塔机场]', '-->', '[南苑机场]', '14:55:00', '1站']
2018-10-29 16:26:25,475 - ====================================
2018-10-29 16:26:25,475 - === [福州]->[北京西] begin:00:00:00 ===
2018-10-29 16:26:25,475 - ====================================
2018-10-29 16:26:25,476 - 08:54:00 - 10:23:00
2018-10-29 16:26:25,476 - (次日)
2018-10-29 16:26:25,476 - (次日)
2018-10-29 16:26:25,476 - Use time:49.48 h
2018-10-29 16:26:25,476 - ['D6243', '08:54:00', '[福州]', '-->', '[福州南]', '09:10:00', '1站']
2018-10-29 16:26:25,476 - ['D3204', '12:49:00', '[福州南]', '-->', '[海宁]', '18:06:00', '10站']
2018-10-29 16:26:25,476 - ['Z10', '18:17:00', '[海宁]', '-->', '[北京]', '06:42:00', '1站']
2018-10-29 16:26:25,476 - ['1174/1171', '02:31:00', '[北京]', '-->', '[白涧]', '04:43:00', '1站']
2018-10-29 16:26:25,476 - ['1164', '07:18:00', '[白涧]', '-->', '[北京西]', '10:23:00', '3站']
2018-10-29 16:26:25,530 - ====================================
2018-10-29 16:26:25,531 - === [福州]->[北京] begin:00:00:00 ===
2018-10-29 16:26:25,531 - ====================================
2018-10-29 16:26:25,531 - 08:54:00 - 06:42:00
2018-10-29 16:26:25,531 - (次日)
2018-10-29 16:26:25,531 - Use time:45.8 h
2018-10-29 16:26:25,531 - ['D6243', '08:54:00', '[福州]', '-->', '[福州南]', '09:10:00', '1站']
2018-10-29 16:26:25,531 - ['D3204', '12:49:00', '[福州南]', '-->', '[海宁]', '18:06:00', '10站']
2018-10-29 16:26:25,531 - ['Z10', '18:17:00', '[海宁]', '-->', '[北京]', '06:42:00', '1站']
2018-10-29 16:26:25,876 - ====================================
2018-10-29 16:26:25,876 - === [福州]->[北京北] begin:00:00:00 ===
2018-10-29 16:26:25,876 - ====================================
2018-10-29 16:26:25,877 - 08:54:00 - 19:29:00
2018-10-29 16:26:25,877 - (次日)
2018-10-29 16:26:25,877 - (次日)
2018-10-29 16:26:25,877 - Use time:58.58 h
2018-10-29 16:26:25,877 - ['D6243', '08:54:00', '[福州]', '-->', '[福州南]', '09:10:00', '1站']
2018-10-29 16:26:25,877 - ['D3204', '12:49:00', '[福州南]', '-->', '[海宁]', '18:06:00', '10站']
2018-10-29 16:26:25,877 - ['Z10', '18:17:00', '[海宁]', '-->', '[北京]', '06:42:00', '1站']
2018-10-29 16:26:25,877 - ['1174/1171', '02:31:00', '[北京]', '-->', '[白涧]', '04:43:00', '1站']
2018-10-29 16:26:25,877 - ['1164', '07:18:00', '[白涧]', '-->', '[北京西]', '10:23:00', '3站']
2018-10-29 16:26:25,877 - ['K7701', '10:46:00', '[北京西]', '-->', '[宣化]', '13:48:00', '4站']
2018-10-29 16:26:25,877 - ['1456/1457', '15:28:00', '[宣化]', '-->', '[北京北]', '19:29:00', '3站']
2018-10-29 16:26:26,033 - ====================================
2018-10-29 16:26:26,033 - === [福州]->[北京南] begin:00:00:00 ===
2018-10-29 16:26:26,033 - ====================================
2018-10-29 16:26:26,033 - 08:54:00 - 12:15:00
2018-10-29 16:26:26,033 - (次日)
2018-10-29 16:26:26,033 - (次日)
2018-10-29 16:26:26,033 - Use time:51.35 h
2018-10-29 16:26:26,033 - ['D6243', '08:54:00', '[福州]', '-->', '[福州南]', '09:10:00', '1站']
2018-10-29 16:26:26,033 - ['D3204', '12:49:00', '[福州南]', '-->', '[海宁]', '18:06:00', '10站']
2018-10-29 16:26:26,033 - ['Z10', '18:17:00', '[海宁]', '-->', '[北京]', '06:42:00', '1站']
2018-10-29 16:26:26,033 - ['1172/1173', '03:37:00', '[北京]', '-->', '[昌黎]', '06:31:00', '3站']
2018-10-29 16:26:26,033 - ['1206/1207', '07:33:00', '[昌黎]', '-->', '[北戴河]', '07:52:00', '1站']
2018-10-29 16:26:26,033 - ['D4538/D4535', '10:19:00', '[北戴河]', '-->', '[北京南]', '12:15:00', '1站']
2018-10-29 16:26:26,128 - ====================================
2018-10-29 16:26:26,129 - === [福州南]->[北京西] begin:00:00:00 ===
2018-10-29 16:26:26,129 - ====================================
2018-10-29 16:26:26,129 - 12:49:00 - 10:23:00
2018-10-29 16:26:26,129 - (次日)
2018-10-29 16:26:26,129 - (次日)
2018-10-29 16:26:26,129 - Use time:45.57 h
2018-10-29 16:26:26,129 - ['D3204', '12:49:00', '[福州南]', '-->', '[海宁]', '18:06:00', '10站']
2018-10-29 16:26:26,129 - ['Z10', '18:17:00', '[海宁]', '-->', '[北京]', '06:42:00', '1站']
2018-10-29 16:26:26,129 - ['1174/1171', '02:31:00', '[北京]', '-->', '[白涧]', '04:43:00', '1站']
2018-10-29 16:26:26,129 - ['1164', '07:18:00', '[白涧]', '-->', '[北京西]', '10:23:00', '3站']
2018-10-29 16:26:26,172 - ====================================
2018-10-29 16:26:26,172 - === [福州南]->[北京] begin:00:00:00 ===
2018-10-29 16:26:26,172 - ====================================
2018-10-29 16:26:26,172 - 12:49:00 - 06:42:00
2018-10-29 16:26:26,172 - (次日)
2018-10-29 16:26:26,172 - Use time:41.88 h
2018-10-29 16:26:26,172 - ['D3204', '12:49:00', '[福州南]', '-->', '[海宁]', '18:06:00', '10站']
2018-10-29 16:26:26,172 - ['Z10', '18:17:00', '[海宁]', '-->', '[北京]', '06:42:00', '1站']
2018-10-29 16:26:26,525 - ====================================
2018-10-29 16:26:26,525 - === [福州南]->[北京北] begin:00:00:00 ===
2018-10-29 16:26:26,525 - ====================================
2018-10-29 16:26:26,525 - 12:49:00 - 19:29:00
2018-10-29 16:26:26,525 - (次日)
2018-10-29 16:26:26,525 - (次日)
2018-10-29 16:26:26,525 - Use time:54.67 h
2018-10-29 16:26:26,525 - ['D3204', '12:49:00', '[福州南]', '-->', '[海宁]', '18:06:00', '10站']
2018-10-29 16:26:26,525 - ['Z10', '18:17:00', '[海宁]', '-->', '[北京]', '06:42:00', '1站']
2018-10-29 16:26:26,525 - ['1174/1171', '02:31:00', '[北京]', '-->', '[白涧]', '04:43:00', '1站']
2018-10-29 16:26:26,525 - ['1164', '07:18:00', '[白涧]', '-->', '[北京西]', '10:23:00', '3站']
2018-10-29 16:26:26,525 - ['K7701', '10:46:00', '[北京西]', '-->', '[宣化]', '13:48:00', '4站']
2018-10-29 16:26:26,526 - ['1456/1457', '15:28:00', '[宣化]', '-->', '[北京北]', '19:29:00', '3站']
2018-10-29 16:26:26,673 - ====================================
2018-10-29 16:26:26,673 - === [福州南]->[北京南] begin:00:00:00 ===
2018-10-29 16:26:26,673 - ====================================
2018-10-29 16:26:26,673 - 12:49:00 - 12:15:00
2018-10-29 16:26:26,673 - (次日)
2018-10-29 16:26:26,673 - (次日)
2018-10-29 16:26:26,673 - Use time:47.43 h
2018-10-29 16:26:26,673 - ['D3204', '12:49:00', '[福州南]', '-->', '[海宁]', '18:06:00', '10站']
2018-10-29 16:26:26,673 - ['Z10', '18:17:00', '[海宁]', '-->', '[北京]', '06:42:00', '1站']
2018-10-29 16:26:26,673 - ['1172/1173', '03:37:00', '[北京]', '-->', '[昌黎]', '06:31:00', '3站']
2018-10-29 16:26:26,673 - ['1206/1207', '07:33:00', '[昌黎]', '-->', '[北戴河]', '07:52:00', '1站']
2018-10-29 16:26:26,674 - ['D4538/D4535', '10:19:00', '[北戴河]', '-->', '[北京南]', '12:15:00', '1站']
2018-10-29 16:26:26,681 - ====================================
2018-10-29 16:26:26,681 - === [长乐机场]->[首都国际机场] begin:00:00:00 ===
2018-10-29 16:26:26,681 - ====================================
2018-10-29 16:26:26,681 - 08:30:00 - 11:05:00
2018-10-29 16:26:26,681 - Use time:2.58 h
2018-10-29 16:26:26,681 - ['CA1822', '08:30:00', '[长乐机场]', '-->', '[首都国际机场]', '11:05:00', '1站']
2018-10-29 16:26:27,838 - ====================================
2018-10-29 16:26:27,838 - === [长乐机场]->[南苑机场] begin:00:00:00 ===
2018-10-29 16:26:27,838 - ====================================
2018-10-29 16:26:27,838 - 08:30:00 - 14:55:00
2018-10-29 16:26:27,838 - Use time:6.42 h
2018-10-29 16:26:27,838 - ['CA1822', '08:30:00', '[长乐机场]', '-->', '[首都国际机场]', '11:05:00', '1站']
2018-10-29 16:26:27,838 - ['CA1111', '11:25:00', '[首都国际机场]', '-->', '[白塔机场]', '12:30:00', '1站']
2018-10-29 16:26:27,838 - ['FM2938', '14:05:00', '[白塔机场]', '-->', '[南苑机场]', '14:55:00', '1站']
2018-10-29 16:26:40,541 - ====================================
2018-10-29 16:26:40,541 - === [福州]->[南昌] begin:00:00:00 ===
2018-10-29 16:26:40,541 - ====================================
2018-10-29 16:26:40,541 - 10:55:00 - 21:48:00
2018-10-29 16:26:40,541 - Use time:10.88 h
2018-10-29 16:26:40,541 - ['1216/1217', '10:55:00', '[福州]', '-->', '[南昌]', '21:48:00', '9站']
2018-10-29 16:26:40,556 - ====================================
2018-10-29 16:26:40,556 - === [福州南]->[南昌] begin:00:00:00 ===
2018-10-29 16:26:40,556 - ====================================
2018-10-29 16:26:40,556 - 09:11:00 - 21:48:00
2018-10-29 16:26:40,556 - Use time:12.62 h
2018-10-29 16:26:40,556 - ['D6243', '09:11:00', '[福州南]', '-->', '[莆田]', '09:41:00', '2站']
2018-10-29 16:26:40,556 - ['D6234', '10:04:00', '[莆田]', '-->', '[福州]', '10:46:00', '2站']
2018-10-29 16:26:40,556 - ['1216/1217', '10:55:00', '[福州]', '-->', '[南昌]', '21:48:00', '9站']
2018-10-29 16:26:50,532 - ====================================
2018-10-29 16:26:50,532 - === [福州]->[南昌] begin:15:00:00 ===
2018-10-29 16:26:50,532 - ====================================
2018-10-29 16:26:50,532 - 17:29:00 - 16:42:00
2018-10-29 16:26:50,532 - (次日)
2018-10-29 16:26:50,532 - Use time:23.22 h
2018-10-29 16:26:50,532 - ['D6237', '17:29:00', '[福州]', '-->', '[厦门]', '19:19:00', '5站']
2018-10-29 16:26:50,532 - ['K946/K947', '20:28:00', '[厦门]', '-->', '[向塘]', '11:37:00', '14站']
2018-10-29 16:26:50,532 - ['K788/K785', '16:23:00', '[向塘]', '-->', '[南昌]', '16:42:00', '1站']
2018-10-29 16:26:50,566 - ====================================
2018-10-29 16:26:50,566 - === [福州南]->[南昌] begin:15:00:00 ===
2018-10-29 16:26:50,566 - ====================================
2018-10-29 16:26:50,566 - 15:15:00 - 10:53:00
2018-10-29 16:26:50,566 - (次日)
2018-10-29 16:26:50,566 - Use time:19.63 h
2018-10-29 16:26:50,566 - ['D6225', '15:15:00', '[福州南]', '-->', '[厦门]', '16:49:00', '4站']
2018-10-29 16:26:50,566 - ['K244/K241', '17:13:00', '[厦门]', '-->', '[南昌]', '10:53:00', '9站']
2018-10-29 16:27:14,751 - ====================================
2018-10-29 16:27:14,751 - === [福州]->[南昌] begin:00:00:00 ===
2018-10-29 16:27:14,751 - ====================================
2018-10-29 16:27:14,751 - 10:55:00 - 21:48:00
2018-10-29 16:27:14,751 - Use time:10.88 h
2018-10-29 16:27:14,751 - ['1216/1217', '10:55:00', '[福州]', '-->', '[南昌]', '21:48:00', '9站']
2018-10-29 16:27:14,765 - ====================================
2018-10-29 16:27:14,765 - === [福州南]->[南昌] begin:00:00:00 ===
2018-10-29 16:27:14,765 - ====================================
2018-10-29 16:27:14,766 - 09:11:00 - 21:48:00
2018-10-29 16:27:14,766 - Use time:12.62 h
2018-10-29 16:27:14,766 - ['D6243', '09:11:00', '[福州南]', '-->', '[莆田]', '09:41:00', '2站']
2018-10-29 16:27:14,766 - ['D6234', '10:04:00', '[莆田]', '-->', '[福州]', '10:46:00', '2站']
2018-10-29 16:27:14,766 - ['1216/1217', '10:55:00', '[福州]', '-->', '[南昌]', '21:48:00', '9站']
2018-10-29 16:30:44,284 - ====================================
2018-10-29 16:30:44,284 - === [福州]->[北京西] begin:16:30:00 ===
2018-10-29 16:30:44,284 - ====================================
2018-10-29 16:30:44,285 - 18:00:00 - 10:23:00
2018-10-29 16:30:44,285 - (次日)
2018-10-29 16:30:44,285 - (次日)
2018-10-29 16:30:44,285 - (次日)
2018-10-29 16:30:44,285 - Use time:64.38 h
2018-10-29 16:30:44,285 - ['D6233', '18:00:00', '[福州]', '-->', '[福州南]', '18:16:00', '1站']
2018-10-29 16:30:44,285 - ['D3204', '12:49:00', '[福州南]', '-->', '[海宁]', '18:06:00', '10站']
2018-10-29 16:30:44,285 - ['Z10', '18:17:00', '[海宁]', '-->', '[北京]', '06:42:00', '1站']
2018-10-29 16:30:44,285 - ['1174/1171', '02:31:00', '[北京]', '-->', '[白涧]', '04:43:00', '1站']
2018-10-29 16:30:44,285 - ['1164', '07:18:00', '[白涧]', '-->', '[北京西]', '10:23:00', '3站']
2018-10-29 16:30:44,343 - ====================================
2018-10-29 16:30:44,343 - === [福州]->[北京] begin:16:30:00 ===
2018-10-29 16:30:44,343 - ====================================
2018-10-29 16:30:44,343 - 18:00:00 - 06:42:00
2018-10-29 16:30:44,343 - (次日)
2018-10-29 16:30:44,343 - (次日)
2018-10-29 16:30:44,343 - Use time:60.7 h
2018-10-29 16:30:44,343 - ['D6233', '18:00:00', '[福州]', '-->', '[福州南]', '18:16:00', '1站']
2018-10-29 16:30:44,343 - ['D3204', '12:49:00', '[福州南]', '-->', '[海宁]', '18:06:00', '10站']
2018-10-29 16:30:44,343 - ['Z10', '18:17:00', '[海宁]', '-->', '[北京]', '06:42:00', '1站']
2018-10-29 16:30:44,716 - ====================================
2018-10-29 16:30:44,716 - === [福州]->[北京北] begin:16:30:00 ===
2018-10-29 16:30:44,716 - ====================================
2018-10-29 16:30:44,716 - 18:00:00 - 19:29:00
2018-10-29 16:30:44,717 - (次日)
2018-10-29 16:30:44,717 - (次日)
2018-10-29 16:30:44,717 - (次日)
2018-10-29 16:30:44,717 - Use time:73.48 h
2018-10-29 16:30:44,717 - ['D6233', '18:00:00', '[福州]', '-->', '[福州南]', '18:16:00', '1站']
2018-10-29 16:30:44,717 - ['D3204', '12:49:00', '[福州南]', '-->', '[海宁]', '18:06:00', '10站']
2018-10-29 16:30:44,717 - ['Z10', '18:17:00', '[海宁]', '-->', '[北京]', '06:42:00', '1站']
2018-10-29 16:30:44,717 - ['1174/1171', '02:31:00', '[北京]', '-->', '[白涧]', '04:43:00', '1站']
2018-10-29 16:30:44,717 - ['1164', '07:18:00', '[白涧]', '-->', '[北京西]', '10:23:00', '3站']
2018-10-29 16:30:44,717 - ['K7701', '10:46:00', '[北京西]', '-->', '[宣化]', '13:48:00', '4站']
2018-10-29 16:30:44,717 - ['1456/1457', '15:28:00', '[宣化]', '-->', '[北京北]', '19:29:00', '3站']
2018-10-29 16:30:44,924 - ====================================
2018-10-29 16:30:44,924 - === [福州]->[北京南] begin:16:30:00 ===
2018-10-29 16:30:44,925 - ====================================
2018-10-29 16:30:44,925 - 18:00:00 - 12:15:00
2018-10-29 16:30:44,925 - (次日)
2018-10-29 16:30:44,925 - (次日)
2018-10-29 16:30:44,925 - (次日)
2018-10-29 16:30:44,925 - Use time:66.25 h
2018-10-29 16:30:44,925 - ['D6233', '18:00:00', '[福州]', '-->', '[福州南]', '18:16:00', '1站']
2018-10-29 16:30:44,925 - ['D3204', '12:49:00', '[福州南]', '-->', '[海宁]', '18:06:00', '10站']
2018-10-29 16:30:44,925 - ['Z10', '18:17:00', '[海宁]', '-->', '[北京]', '06:42:00', '1站']
2018-10-29 16:30:44,925 - ['1172/1173', '03:37:00', '[北京]', '-->', '[昌黎]', '06:31:00', '3站']
2018-10-29 16:30:44,925 - ['1206/1207', '07:33:00', '[昌黎]', '-->', '[北戴河]', '07:52:00', '1站']
2018-10-29 16:30:44,925 - ['D4538/D4535', '10:19:00', '[北戴河]', '-->', '[北京南]', '12:15:00', '1站']
2018-10-29 16:30:45,046 - ====================================
2018-10-29 16:30:45,046 - === [福州南]->[北京西] begin:16:30:00 ===
2018-10-29 16:30:45,046 - ====================================
2018-10-29 16:30:45,046 - 17:56:00 - 20:05:00
2018-10-29 16:30:45,046 - (次日)
2018-10-29 16:30:45,047 - Use time:26.15 h
2018-10-29 16:30:45,047 - ['D3212', '17:56:00', '[福州南]', '-->', '[杭州]', '22:51:00', '9站']
2018-10-29 16:30:45,047 - ['1034/1035', '02:00:00', '[杭州]', '-->', '[蚌埠]', '09:38:00', '8站']
2018-10-29 16:30:45,047 - ['D182/D183', '10:48:00', '[蚌埠]', '-->', '[郑州]', '14:06:00', '4站']
2018-10-29 16:30:45,047 - ['D122', '15:14:00', '[郑州]', '-->', '[北京西]', '20:05:00', '2站']
2018-10-29 16:30:45,210 - ====================================
2018-10-29 16:30:45,210 - === [福州南]->[北京] begin:16:30:00 ===
2018-10-29 16:30:45,210 - ====================================
2018-10-29 16:30:45,210 - 17:56:00 - 21:27:00
2018-10-29 16:30:45,210 - (次日)
2018-10-29 16:30:45,210 - Use time:27.52 h
2018-10-29 16:30:45,210 - ['D3212', '17:56:00', '[福州南]', '-->', '[杭州]', '22:51:00', '9站']
2018-10-29 16:30:45,210 - ['1034/1035', '02:00:00', '[杭州]', '-->', '[蚌埠]', '09:38:00', '8站']
2018-10-29 16:30:45,211 - ['D182/D183', '10:48:00', '[蚌埠]', '-->', '[徐州]', '11:56:00', '1站']
2018-10-29 16:30:45,211 - ['D30', '12:16:00', '[徐州]', '-->', '[泰山]', '14:21:00', '3站']
2018-10-29 16:30:45,211 - ['D76/D77', '14:32:00', '[泰山]', '-->', '[济南]', '15:15:00', '1站']
2018-10-29 16:30:45,211 - ['D162/D163', '15:15:00', '[济南]', '-->', '[天津]', '17:57:00', '2站']
2018-10-29 16:30:45,211 - ['1302', '19:42:00', '[天津]', '-->', '[北京]', '21:27:00', '3站']
2018-10-29 16:30:45,761 - ====================================
2018-10-29 16:30:45,761 - === [福州南]->[北京北] begin:16:30:00 ===
2018-10-29 16:30:45,761 - ====================================
2018-10-29 16:30:45,761 - 17:56:00 - 19:29:00
2018-10-29 16:30:45,761 - (次日)
2018-10-29 16:30:45,761 - (次日)
2018-10-29 16:30:45,761 - Use time:49.55 h
2018-10-29 16:30:45,761 - ['D3212', '17:56:00', '[福州南]', '-->', '[杭州]', '22:51:00', '9站']
2018-10-29 16:30:45,761 - ['1034/1035', '02:00:00', '[杭州]', '-->', '[蚌埠]', '09:38:00', '8站']
2018-10-29 16:30:45,761 - ['D182/D183', '10:48:00', '[蚌埠]', '-->', '[郑州]', '14:06:00', '4站']
2018-10-29 16:30:45,761 - ['D122', '15:14:00', '[郑州]', '-->', '[北京西]', '20:05:00', '2站']
2018-10-29 16:30:45,761 - ['1136/1133', '23:03:00', '[北京西]', '-->', '[宣化]', '01:58:00', '2站']
2018-10-29 16:30:45,761 - ['1456/1457', '15:28:00', '[宣化]', '-->', '[北京北]', '19:29:00', '3站']
2018-10-29 16:30:45,856 - ====================================
2018-10-29 16:30:45,856 - === [福州南]->[北京南] begin:16:30:00 ===
2018-10-29 16:30:45,856 - ====================================
2018-10-29 16:30:45,856 - 17:56:00 - 18:18:00
2018-10-29 16:30:45,856 - (次日)
2018-10-29 16:30:45,856 - Use time:24.37 h
2018-10-29 16:30:45,856 - ['D3212', '17:56:00', '[福州南]', '-->', '[杭州]', '22:51:00', '9站']
2018-10-29 16:30:45,857 - ['1034/1035', '02:00:00', '[杭州]', '-->', '[蚌埠]', '09:38:00', '8站']
2018-10-29 16:30:45,857 - ['D182/D183', '10:48:00', '[蚌埠]', '-->', '[徐州]', '11:56:00', '1站']
2018-10-29 16:30:45,857 - ['D30', '12:16:00', '[徐州]', '-->', '[北京南]', '18:18:00', '6站']
2018-10-29 16:30:45,930 - ====================================
2018-10-29 16:30:45,930 - === [长乐机场]->[首都国际机场] begin:16:30:00 ===
2018-10-29 16:30:45,930 - ====================================
2018-10-29 16:30:45,930 - 19:50:00 - 22:20:00
2018-10-29 16:30:45,930 - Use time:2.5 h
2018-10-29 16:30:45,930 - ['CA1808', '19:50:00', '[长乐机场]', '-->', '[首都国际机场]', '22:20:00', '1站']
2018-10-29 16:30:46,649 - ====================================
2018-10-29 16:30:46,649 - === [长乐机场]->[南苑机场] begin:16:30:00 ===
2018-10-29 16:30:46,649 - ====================================
2018-10-29 16:30:46,649 - 21:20:00 - 23:40:00
2018-10-29 16:30:46,649 - Use time:2.33 h
2018-10-29 16:30:46,649 - ['FM2902', '21:20:00', '[长乐机场]', '-->', '[南苑机场]', '23:40:00', '1站']
2018-10-29 16:30:54,539 - ====================================
2018-10-29 16:30:54,539 - === [福州]->[北京西] begin:16:30:00 ===
2018-10-29 16:30:54,539 - ====================================
2018-10-29 16:30:54,539 - 18:00:00 - 10:23:00
2018-10-29 16:30:54,539 - (次日)
2018-10-29 16:30:54,539 - (次日)
2018-10-29 16:30:54,539 - (次日)
2018-10-29 16:30:54,539 - Use time:64.38 h
2018-10-29 16:30:54,539 - ['D6233', '18:00:00', '[福州]', '-->', '[福州南]', '18:16:00', '1站']
2018-10-29 16:30:54,539 - ['D3204', '12:49:00', '[福州南]', '-->', '[海宁]', '18:06:00', '10站']
2018-10-29 16:30:54,539 - ['Z10', '18:17:00', '[海宁]', '-->', '[北京]', '06:42:00', '1站']
2018-10-29 16:30:54,539 - ['1174/1171', '02:31:00', '[北京]', '-->', '[白涧]', '04:43:00', '1站']
2018-10-29 16:30:54,539 - ['1164', '07:18:00', '[白涧]', '-->', '[北京西]', '10:23:00', '3站']
2018-10-29 16:30:54,604 - ====================================
2018-10-29 16:30:54,604 - === [福州]->[北京] begin:16:30:00 ===
2018-10-29 16:30:54,604 - ====================================
2018-10-29 16:30:54,604 - 18:00:00 - 06:42:00
2018-10-29 16:30:54,604 - (次日)
2018-10-29 16:30:54,604 - (次日)
2018-10-29 16:30:54,604 - Use time:60.7 h
2018-10-29 16:30:54,604 - ['D6233', '18:00:00', '[福州]', '-->', '[福州南]', '18:16:00', '1站']
2018-10-29 16:30:54,604 - ['D3204', '12:49:00', '[福州南]', '-->', '[海宁]', '18:06:00', '10站']
2018-10-29 16:30:54,604 - ['Z10', '18:17:00', '[海宁]', '-->', '[北京]', '06:42:00', '1站']
2018-10-29 16:30:55,013 - ====================================
2018-10-29 16:30:55,014 - === [福州]->[北京北] begin:16:30:00 ===
2018-10-29 16:30:55,014 - ====================================
2018-10-29 16:30:55,014 - 18:00:00 - 19:29:00
2018-10-29 16:30:55,014 - (次日)
2018-10-29 16:30:55,014 - (次日)
2018-10-29 16:30:55,014 - (次日)
2018-10-29 16:30:55,014 - Use time:73.48 h
2018-10-29 16:30:55,014 - ['D6233', '18:00:00', '[福州]', '-->', '[福州南]', '18:16:00', '1站']
2018-10-29 16:30:55,014 - ['D3204', '12:49:00', '[福州南]', '-->', '[海宁]', '18:06:00', '10站']
2018-10-29 16:30:55,014 - ['Z10', '18:17:00', '[海宁]', '-->', '[北京]', '06:42:00', '1站']
2018-10-29 16:30:55,014 - ['1174/1171', '02:31:00', '[北京]', '-->', '[白涧]', '04:43:00', '1站']
2018-10-29 16:30:55,014 - ['1164', '07:18:00', '[白涧]', '-->', '[北京西]', '10:23:00', '3站']
2018-10-29 16:30:55,014 - ['K7701', '10:46:00', '[北京西]', '-->', '[宣化]', '13:48:00', '4站']
2018-10-29 16:30:55,014 - ['1456/1457', '15:28:00', '[宣化]', '-->', '[北京北]', '19:29:00', '3站']
2018-10-29 16:30:55,233 - ====================================
2018-10-29 16:30:55,233 - === [福州]->[北京南] begin:16:30:00 ===
2018-10-29 16:30:55,233 - ====================================
2018-10-29 16:30:55,233 - 18:00:00 - 12:15:00
2018-10-29 16:30:55,233 - (次日)
2018-10-29 16:30:55,233 - (次日)
2018-10-29 16:30:55,233 - (次日)
2018-10-29 16:30:55,233 - Use time:66.25 h
2018-10-29 16:30:55,233 - ['D6233', '18:00:00', '[福州]', '-->', '[福州南]', '18:16:00', '1站']
2018-10-29 16:30:55,233 - ['D3204', '12:49:00', '[福州南]', '-->', '[海宁]', '18:06:00', '10站']
2018-10-29 16:30:55,233 - ['Z10', '18:17:00', '[海宁]', '-->', '[北京]', '06:42:00', '1站']
2018-10-29 16:30:55,233 - ['1172/1173', '03:37:00', '[北京]', '-->', '[昌黎]', '06:31:00', '3站']
2018-10-29 16:30:55,233 - ['1206/1207', '07:33:00', '[昌黎]', '-->', '[北戴河]', '07:52:00', '1站']
2018-10-29 16:30:55,233 - ['D4538/D4535', '10:19:00', '[北戴河]', '-->', '[北京南]', '12:15:00', '1站']
2018-10-29 16:30:55,364 - ====================================
2018-10-29 16:30:55,364 - === [福州南]->[北京西] begin:16:30:00 ===
2018-10-29 16:30:55,364 - ====================================
2018-10-29 16:30:55,364 - 17:56:00 - 20:05:00
2018-10-29 16:30:55,364 - (次日)
2018-10-29 16:30:55,364 - Use time:26.15 h
2018-10-29 16:30:55,364 - ['D3212', '17:56:00', '[福州南]', '-->', '[杭州]', '22:51:00', '9站']
2018-10-29 16:30:55,364 - ['1034/1035', '02:00:00', '[杭州]', '-->', '[蚌埠]', '09:38:00', '8站']
2018-10-29 16:30:55,365 - ['D182/D183', '10:48:00', '[蚌埠]', '-->', '[郑州]', '14:06:00', '4站']
2018-10-29 16:30:55,365 - ['D122', '15:14:00', '[郑州]', '-->', '[北京西]', '20:05:00', '2站']
2018-10-29 16:30:55,520 - ====================================
2018-10-29 16:30:55,520 - === [福州南]->[北京] begin:16:30:00 ===
2018-10-29 16:30:55,520 - ====================================
2018-10-29 16:30:55,520 - 17:56:00 - 21:27:00
2018-10-29 16:30:55,520 - (次日)
2018-10-29 16:30:55,520 - Use time:27.52 h
2018-10-29 16:30:55,520 - ['D3212', '17:56:00', '[福州南]', '-->', '[杭州]', '22:51:00', '9站']
2018-10-29 16:30:55,520 - ['1034/1035', '02:00:00', '[杭州]', '-->', '[蚌埠]', '09:38:00', '8站']
2018-10-29 16:30:55,520 - ['D182/D183', '10:48:00', '[蚌埠]', '-->', '[徐州]', '11:56:00', '1站']
2018-10-29 16:30:55,520 - ['D30', '12:16:00', '[徐州]', '-->', '[泰山]', '14:21:00', '3站']
2018-10-29 16:30:55,520 - ['D76/D77', '14:32:00', '[泰山]', '-->', '[济南]', '15:15:00', '1站']
2018-10-29 16:30:55,520 - ['D162/D163', '15:15:00', '[济南]', '-->', '[天津]', '17:57:00', '2站']
2018-10-29 16:30:55,520 - ['1302', '19:42:00', '[天津]', '-->', '[北京]', '21:27:00', '3站']
2018-10-29 16:30:56,079 - ====================================
2018-10-29 16:30:56,080 - === [福州南]->[北京北] begin:16:30:00 ===
2018-10-29 16:30:56,080 - ====================================
2018-10-29 16:30:56,080 - 17:56:00 - 19:29:00
2018-10-29 16:30:56,080 - (次日)
2018-10-29 16:30:56,080 - (次日)
2018-10-29 16:30:56,080 - Use time:49.55 h
2018-10-29 16:30:56,080 - ['D3212', '17:56:00', '[福州南]', '-->', '[杭州]', '22:51:00', '9站']
2018-10-29 16:30:56,080 - ['1034/1035', '02:00:00', '[杭州]', '-->', '[蚌埠]', '09:38:00', '8站']
2018-10-29 16:30:56,080 - ['D182/D183', '10:48:00', '[蚌埠]', '-->', '[郑州]', '14:06:00', '4站']
2018-10-29 16:30:56,080 - ['D122', '15:14:00', '[郑州]', '-->', '[北京西]', '20:05:00', '2站']
2018-10-29 16:30:56,080 - ['1136/1133', '23:03:00', '[北京西]', '-->', '[宣化]', '01:58:00', '2站']
2018-10-29 16:30:56,080 - ['1456/1457', '15:28:00', '[宣化]', '-->', '[北京北]', '19:29:00', '3站']
2018-10-29 16:30:56,176 - ====================================
2018-10-29 16:30:56,177 - === [福州南]->[北京南] begin:16:30:00 ===
2018-10-29 16:30:56,177 - ====================================
2018-10-29 16:30:56,177 - 17:56:00 - 18:18:00
2018-10-29 16:30:56,177 - (次日)
2018-10-29 16:30:56,177 - Use time:24.37 h
2018-10-29 16:30:56,177 - ['D3212', '17:56:00', '[福州南]', '-->', '[杭州]', '22:51:00', '9站']
2018-10-29 16:30:56,177 - ['1034/1035', '02:00:00', '[杭州]', '-->', '[蚌埠]', '09:38:00', '8站']
2018-10-29 16:30:56,177 - ['D182/D183', '10:48:00', '[蚌埠]', '-->', '[徐州]', '11:56:00', '1站']
2018-10-29 16:30:56,177 - ['D30', '12:16:00', '[徐州]', '-->', '[北京南]', '18:18:00', '6站']
2018-10-29 16:31:00,361 - ====================================
2018-10-29 16:31:00,361 - === [长乐机场]->[首都国际机场] begin:16:30:00 ===
2018-10-29 16:31:00,361 - ====================================
2018-10-29 16:31:00,361 - 19:50:00 - 22:20:00
2018-10-29 16:31:00,361 - Use time:2.5 h
2018-10-29 16:31:00,361 - ['CA1808', '19:50:00', '[长乐机场]', '-->', '[首都国际机场]', '22:20:00', '1站']
2018-10-29 16:31:01,039 - ====================================
2018-10-29 16:31:01,039 - === [长乐机场]->[南苑机场] begin:16:30:00 ===
2018-10-29 16:31:01,039 - ====================================
2018-10-29 16:31:01,039 - 21:20:00 - 23:40:00
2018-10-29 16:31:01,039 - Use time:2.33 h
2018-10-29 16:31:01,039 - ['FM2902', '21:20:00', '[长乐机场]', '-->', '[南苑机场]', '23:40:00', '1站']
2018-10-29 16:32:32,503 - ====================================
2018-10-29 16:32:32,503 - === [福州]->[湘潭] begin:16:30:00 ===
2018-10-29 16:32:32,503 - ====================================
2018-10-29 16:32:32,503 - 17:29:00 - 17:05:00
2018-10-29 16:32:32,503 - (次日)
2018-10-29 16:32:32,503 - Use time:23.6 h
2018-10-29 16:32:32,503 - ['D6237', '17:29:00', '[福州]', '-->', '[厦门]', '19:19:00', '5站']
2018-10-29 16:32:32,503 - ['K946/K947', '20:28:00', '[厦门]', '-->', '[新余]', '13:42:00', '17站']
2018-10-29 16:32:32,503 - ['K944/K941', '14:02:00', '[新余]', '-->', '[株洲]', '16:36:00', '2站']
2018-10-29 16:32:32,503 - ['K787/K786', '16:38:00', '[株洲]', '-->', '[湘潭]', '17:05:00', '1站']
2018-10-29 16:32:32,602 - ====================================
2018-10-29 16:32:32,602 - === [福州南]->[湘潭] begin:16:30:00 ===
2018-10-29 16:32:32,602 - ====================================
2018-10-29 16:32:32,603 - 18:17:00 - 17:05:00
2018-10-29 16:32:32,603 - (次日)
2018-10-29 16:32:32,603 - Use time:22.8 h
2018-10-29 16:32:32,603 - ['D6233', '18:17:00', '[福州南]', '-->', '[厦门]', '19:50:00', '4站']
2018-10-29 16:32:32,603 - ['K946/K947', '20:28:00', '[厦门]', '-->', '[新余]', '13:42:00', '17站']
2018-10-29 16:32:32,603 - ['K944/K941', '14:02:00', '[新余]', '-->', '[株洲]', '16:36:00', '2站']
2018-10-29 16:32:32,603 - ['K787/K786', '16:38:00', '[株洲]', '-->', '[湘潭]', '17:05:00', '1站']
2018-10-29 16:33:55,660 - ====================================
2018-10-29 16:33:55,660 - === [福州]->[湘潭] begin:16:30:00 ===
2018-10-29 16:33:55,660 - ====================================
2018-10-29 16:33:55,660 - 17:29:00 - 17:05:00
2018-10-29 16:33:55,660 - (次日)
2018-10-29 16:33:55,660 - Use time:23.6 h
2018-10-29 16:33:55,660 - ['D6237', '17:29:00', '[福州]', '-->', '[厦门]', '19:19:00', '5站']
2018-10-29 16:33:55,660 - ['K946/K947', '20:28:00', '[厦门]', '-->', '[新余]', '13:42:00', '17站']
2018-10-29 16:33:55,660 - ['K944/K941', '14:02:00', '[新余]', '-->', '[株洲]', '16:36:00', '2站']
2018-10-29 16:33:55,660 - ['K787/K786', '16:38:00', '[株洲]', '-->', '[湘潭]', '17:05:00', '1站']
2018-10-29 16:33:55,750 - ====================================
2018-10-29 16:33:55,750 - === [福州南]->[湘潭] begin:16:30:00 ===
2018-10-29 16:33:55,750 - ====================================
2018-10-29 16:33:55,750 - 18:17:00 - 17:05:00
2018-10-29 16:33:55,750 - (次日)
2018-10-29 16:33:55,750 - Use time:22.8 h
2018-10-29 16:33:55,750 - ['D6233', '18:17:00', '[福州南]', '-->', '[厦门]', '19:50:00', '4站']
2018-10-29 16:33:55,750 - ['K946/K947', '20:28:00', '[厦门]', '-->', '[新余]', '13:42:00', '17站']
2018-10-29 16:33:55,750 - ['K944/K941', '14:02:00', '[新余]', '-->', '[株洲]', '16:36:00', '2站']
2018-10-29 16:33:55,750 - ['K787/K786', '16:38:00', '[株洲]', '-->', '[湘潭]', '17:05:00', '1站']
2018-10-29 16:33:59,780 - ====================================
2018-10-29 16:33:59,780 - === [福州]->[湘潭] begin:16:30:00 ===
2018-10-29 16:33:59,780 - ====================================
2018-10-29 16:33:59,780 - 17:29:00 - 17:05:00
2018-10-29 16:33:59,780 - (次日)
2018-10-29 16:33:59,780 - Use time:23.6 h
2018-10-29 16:33:59,780 - ['D6237', '17:29:00', '[福州]', '-->', '[厦门]', '19:19:00', '5站']
2018-10-29 16:33:59,780 - ['K946/K947', '20:28:00', '[厦门]', '-->', '[新余]', '13:42:00', '17站']
2018-10-29 16:33:59,780 - ['K944/K941', '14:02:00', '[新余]', '-->', '[株洲]', '16:36:00', '2站']
2018-10-29 16:33:59,780 - ['K787/K786', '16:38:00', '[株洲]', '-->', '[湘潭]', '17:05:00', '1站']
2018-10-29 16:33:59,873 - ====================================
2018-10-29 16:33:59,873 - === [福州南]->[湘潭] begin:16:30:00 ===
2018-10-29 16:33:59,873 - ====================================
2018-10-29 16:33:59,873 - 18:17:00 - 17:05:00
2018-10-29 16:33:59,873 - (次日)
2018-10-29 16:33:59,873 - Use time:22.8 h
2018-10-29 16:33:59,873 - ['D6233', '18:17:00', '[福州南]', '-->', '[厦门]', '19:50:00', '4站']
2018-10-29 16:33:59,873 - ['K946/K947', '20:28:00', '[厦门]', '-->', '[新余]', '13:42:00', '17站']
2018-10-29 16:33:59,873 - ['K944/K941', '14:02:00', '[新余]', '-->', '[株洲]', '16:36:00', '2站']
2018-10-29 16:33:59,873 - ['K787/K786', '16:38:00', '[株洲]', '-->', '[湘潭]', '17:05:00', '1站']
2018-10-29 16:34:14,763 - ====================================
2018-10-29 16:34:14,763 - === [长乐机场]->[两江国际机场] begin:16:30:00 ===
2018-10-29 16:34:14,763 - ====================================
2018-10-29 16:34:14,763 - 19:00:00 - 22:20:00
2018-10-29 16:34:14,763 - Use time:3.33 h
2018-10-29 16:34:14,763 - ['CZ6520', '19:00:00', '[长乐机场]', '-->', '[萧山国际机场]', '19:55:00', '1站']
2018-10-29 16:34:14,763 - ['CZ3266', '20:20:00', '[萧山国际机场]', '-->', '[两江国际机场]', '22:20:00', '1站']
2018-10-29 16:34:26,976 - ====================================
2018-10-29 16:34:26,976 - === [长乐机场]->[两江国际机场] begin:12:00:00 ===
2018-10-29 16:34:26,976 - ====================================
2018-10-29 16:34:26,976 - 12:20:00 - 18:30:00
2018-10-29 16:34:26,976 - Use time:6.17 h
2018-10-29 16:34:26,976 - ['CA4230', '12:20:00', '[长乐机场]', '-->', '[龙洞堡机场]', '14:45:00', '1站']
2018-10-29 16:34:26,976 - ['CZ3665', '14:55:00', '[龙洞堡机场]', '-->', '[巫家坝国际机场]', '16:05:00', '1站']
2018-10-29 16:34:26,976 - ['CZ3248', '17:05:00', '[巫家坝国际机场]', '-->', '[两江国际机场]', '18:30:00', '1站']
2018-10-29 16:34:39,610 - ====================================
2018-10-29 16:34:39,610 - === [长乐机场]->[两江国际机场] begin:08:00:00 ===
2018-10-29 16:34:39,610 - ====================================
2018-10-29 16:34:39,610 - 08:30:00 - 14:55:00
2018-10-29 16:34:39,610 - Use time:6.42 h
2018-10-29 16:34:39,610 - ['CA1822', '08:30:00', '[长乐机场]', '-->', '[首都国际机场]', '11:05:00', '1站']
2018-10-29 16:34:39,610 - ['CA1471', '11:50:00', '[首都国际机场]', '-->', '[两江国际机场]', '14:55:00', '1站']
2018-10-29 16:35:09,641 - ====================================
2018-10-29 16:35:09,641 - === [长乐机场]->[两江国际机场] begin:00:00:00 ===
2018-10-29 16:35:09,641 - ====================================
2018-10-29 16:35:09,641 - 08:30:00 - 14:55:00
2018-10-29 16:35:09,641 - Use time:6.42 h
2018-10-29 16:35:09,641 - ['CA1822', '08:30:00', '[长乐机场]', '-->', '[首都国际机场]', '11:05:00', '1站']
2018-10-29 16:35:09,641 - ['CA1471', '11:50:00', '[首都国际机场]', '-->', '[两江国际机场]', '14:55:00', '1站']
2018-10-29 16:35:18,967 - ====================================
2018-10-29 16:35:18,967 - === [长乐机场]->[两江国际机场] begin:00:00:00 ===
2018-10-29 16:35:18,968 - ====================================
2018-10-29 16:35:18,968 - 08:30:00 - 14:55:00
2018-10-29 16:35:18,968 - Use time:6.42 h
2018-10-29 16:35:18,968 - ['CA1822', '08:30:00', '[长乐机场]', '-->', '[首都国际机场]', '11:05:00', '1站']
2018-10-29 16:35:18,968 - ['CA1471', '11:50:00', '[首都国际机场]', '-->', '[两江国际机场]', '14:55:00', '1站']
2018-10-29 16:35:23,118 - ====================================
2018-10-29 16:35:23,118 - === [长乐机场]->[两江国际机场] begin:16:35:00 ===
2018-10-29 16:35:23,118 - ====================================
2018-10-29 16:35:23,119 - 19:00:00 - 22:20:00
2018-10-29 16:35:23,119 - Use time:3.33 h
2018-10-29 16:35:23,119 - ['CZ6520', '19:00:00', '[长乐机场]', '-->', '[萧山国际机场]', '19:55:00', '1站']
2018-10-29 16:35:23,119 - ['CZ3266', '20:20:00', '[萧山国际机场]', '-->', '[两江国际机场]', '22:20:00', '1站']
2018-10-29 16:37:30,367 - ====================================
2018-10-29 16:37:30,367 - === [长乐机场]->[两江国际机场] begin:08:00:00 ===
2018-10-29 16:37:30,367 - ====================================
2018-10-29 16:37:30,367 - 08:30:00 - 14:55:00
2018-10-29 16:37:30,367 - Use time:6.42 h
2018-10-29 16:37:30,367 - ['CA1822', '08:30:00', '[长乐机场]', '-->', '[首都国际机场]', '11:05:00', '1站']
2018-10-29 16:37:30,367 - ['CA1471', '11:50:00', '[首都国际机场]', '-->', '[两江国际机场]', '14:55:00', '1站']
2018-10-29 19:54:55,929 - ====================================
2018-10-29 19:54:55,929 - === [长乐机场]->[两江国际机场] begin:08:00:00 ===
2018-10-29 19:54:55,929 - ====================================
2018-10-29 19:54:55,929 - 10:20:00 - 13:20:00
2018-10-29 19:54:55,929 - Use time:3.0 h
2018-10-29 19:54:55,929 - ['CZ3506', '10:20:00', '[长乐机场]', '-->', '[新白云国际机场]', '11:45:00', '1站']
2018-10-29 19:54:55,929 - ['CZ3292', '12:20:00', '[新白云国际机场]', '-->', '[两江国际机场]', '13:20:00', '1站']
2018-10-29 20:00:56,970 - ====================================
2018-10-29 20:00:56,970 - === [福州]->[北京西] begin:20:00:00 ===
2018-10-29 20:00:56,970 - ====================================
2018-10-29 20:00:56,970 - 08:54:00 - 10:23:00
2018-10-29 20:00:56,970 - (次日)
2018-10-29 20:00:56,970 - (次日)
2018-10-29 20:00:56,970 - Use time:49.48 h
2018-10-29 20:00:56,970 - ['D6243', '08:54:00', '[福州]', '-->', '[福州南]', '09:10:00', '1站']
2018-10-29 20:00:56,970 - ['D3204', '12:49:00', '[福州南]', '-->', '[海宁]', '18:06:00', '10站']
2018-10-29 20:00:56,970 - ['Z10', '18:17:00', '[海宁]', '-->', '[北京]', '06:42:00', '1站']
2018-10-29 20:00:56,970 - ['1174/1171', '02:31:00', '[北京]', '-->', '[白涧]', '04:43:00', '1站']
2018-10-29 20:00:56,970 - ['1164', '07:18:00', '[白涧]', '-->', '[北京西]', '10:23:00', '3站']
2018-10-29 20:00:57,001 - ====================================
2018-10-29 20:00:57,001 - === [福州]->[北京] begin:20:00:00 ===
2018-10-29 20:00:57,001 - ====================================
2018-10-29 20:00:57,001 - 08:54:00 - 06:42:00
2018-10-29 20:00:57,001 - (次日)
2018-10-29 20:00:57,001 - Use time:45.8 h
2018-10-29 20:00:57,001 - ['D6243', '08:54:00', '[福州]', '-->', '[福州南]', '09:10:00', '1站']
2018-10-29 20:00:57,001 - ['D3204', '12:49:00', '[福州南]', '-->', '[海宁]', '18:06:00', '10站']
2018-10-29 20:00:57,001 - ['Z10', '18:17:00', '[海宁]', '-->', '[北京]', '06:42:00', '1站']
2018-10-29 20:00:57,317 - ====================================
2018-10-29 20:00:57,317 - === [福州]->[北京北] begin:20:00:00 ===
2018-10-29 20:00:57,317 - ====================================
2018-10-29 20:00:57,317 - 08:54:00 - 19:29:00
2018-10-29 20:00:57,317 - (次日)
2018-10-29 20:00:57,317 - (次日)
2018-10-29 20:00:57,317 - Use time:58.58 h
2018-10-29 20:00:57,317 - ['D6243', '08:54:00', '[福州]', '-->', '[福州南]', '09:10:00', '1站']
2018-10-29 20:00:57,317 - ['D3204', '12:49:00', '[福州南]', '-->', '[海宁]', '18:06:00', '10站']
2018-10-29 20:00:57,317 - ['Z10', '18:17:00', '[海宁]', '-->', '[北京]', '06:42:00', '1站']
2018-10-29 20:00:57,317 - ['1174/1171', '02:31:00', '[北京]', '-->', '[白涧]', '04:43:00', '1站']
2018-10-29 20:00:57,317 - ['1164', '07:18:00', '[白涧]', '-->', '[北京西]', '10:23:00', '3站']
2018-10-29 20:00:57,317 - ['K7701', '10:46:00', '[北京西]', '-->', '[宣化]', '13:48:00', '4站']
2018-10-29 20:00:57,317 - ['1456/1457', '15:28:00', '[宣化]', '-->', '[北京北]', '19:29:00', '3站']
2018-10-29 20:00:57,489 - ====================================
2018-10-29 20:00:57,489 - === [福州]->[北京南] begin:20:00:00 ===
2018-10-29 20:00:57,489 - ====================================
2018-10-29 20:00:57,489 - 08:54:00 - 12:15:00
2018-10-29 20:00:57,489 - (次日)
2018-10-29 20:00:57,489 - (次日)
2018-10-29 20:00:57,489 - Use time:51.35 h
2018-10-29 20:00:57,489 - ['D6243', '08:54:00', '[福州]', '-->', '[福州南]', '09:10:00', '1站']
2018-10-29 20:00:57,489 - ['D3204', '12:49:00', '[福州南]', '-->', '[海宁]', '18:06:00', '10站']
2018-10-29 20:00:57,489 - ['Z10', '18:17:00', '[海宁]', '-->', '[北京]', '06:42:00', '1站']
2018-10-29 20:00:57,489 - ['1172/1173', '03:37:00', '[北京]', '-->', '[昌黎]', '06:31:00', '3站']
2018-10-29 20:00:57,489 - ['1206/1207', '07:33:00', '[昌黎]', '-->', '[北戴河]', '07:52:00', '1站']
2018-10-29 20:00:57,489 - ['D4538/D4535', '10:19:00', '[北戴河]', '-->', '[北京南]', '12:15:00', '1站']
2018-10-29 20:00:57,583 - ====================================
2018-10-29 20:00:57,583 - === [福州南]->[北京西] begin:20:00:00 ===
2018-10-29 20:00:57,583 - ====================================
2018-10-29 20:00:57,583 - 12:49:00 - 10:23:00
2018-10-29 20:00:57,583 - (次日)
2018-10-29 20:00:57,583 - (次日)
2018-10-29 20:00:57,583 - Use time:45.57 h
2018-10-29 20:00:57,583 - ['D3204', '12:49:00', '[福州南]', '-->', '[海宁]', '18:06:00', '10站']
2018-10-29 20:00:57,583 - ['Z10', '18:17:00', '[海宁]', '-->', '[北京]', '06:42:00', '1站']
2018-10-29 20:00:57,583 - ['1174/1171', '02:31:00', '[北京]', '-->', '[白涧]', '04:43:00', '1站']
2018-10-29 20:00:57,583 - ['1164', '07:18:00', '[白涧]', '-->', '[北京西]', '10:23:00', '3站']
2018-10-29 20:00:57,614 - ====================================
2018-10-29 20:00:57,614 - === [福州南]->[北京] begin:20:00:00 ===
2018-10-29 20:00:57,614 - ====================================
2018-10-29 20:00:57,614 - 12:49:00 - 06:42:00
2018-10-29 20:00:57,614 - (次日)
2018-10-29 20:00:57,614 - Use time:41.88 h
2018-10-29 20:00:57,614 - ['D3204', '12:49:00', '[福州南]', '-->', '[海宁]', '18:06:00', '10站']
2018-10-29 20:00:57,614 - ['Z10', '18:17:00', '[海宁]', '-->', '[北京]', '06:42:00', '1站']
2018-10-29 20:00:57,954 - ====================================
2018-10-29 20:00:57,954 - === [福州南]->[北京北] begin:20:00:00 ===
2018-10-29 20:00:57,954 - ====================================
2018-10-29 20:00:57,954 - 12:49:00 - 19:29:00
2018-10-29 20:00:57,954 - (次日)
2018-10-29 20:00:57,954 - (次日)
2018-10-29 20:00:57,954 - Use time:54.67 h
2018-10-29 20:00:57,954 - ['D3204', '12:49:00', '[福州南]', '-->', '[海宁]', '18:06:00', '10站']
2018-10-29 20:00:57,954 - ['Z10', '18:17:00', '[海宁]', '-->', '[北京]', '06:42:00', '1站']
2018-10-29 20:00:57,954 - ['1174/1171', '02:31:00', '[北京]', '-->', '[白涧]', '04:43:00', '1站']
2018-10-29 20:00:57,954 - ['1164', '07:18:00', '[白涧]', '-->', '[北京西]', '10:23:00', '3站']
2018-10-29 20:00:57,954 - ['K7701', '10:46:00', '[北京西]', '-->', '[宣化]', '13:48:00', '4站']
2018-10-29 20:00:57,954 - ['1456/1457', '15:28:00', '[宣化]', '-->', '[北京北]', '19:29:00', '3站']
2018-10-29 20:00:58,126 - ====================================
2018-10-29 20:00:58,126 - === [福州南]->[北京南] begin:20:00:00 ===
2018-10-29 20:00:58,126 - ====================================
2018-10-29 20:00:58,126 - 12:49:00 - 12:15:00
2018-10-29 20:00:58,126 - (次日)
2018-10-29 20:00:58,126 - (次日)
2018-10-29 20:00:58,126 - Use time:47.43 h
2018-10-29 20:00:58,126 - ['D3204', '12:49:00', '[福州南]', '-->', '[海宁]', '18:06:00', '10站']
2018-10-29 20:00:58,126 - ['Z10', '18:17:00', '[海宁]', '-->', '[北京]', '06:42:00', '1站']
2018-10-29 20:00:58,126 - ['1172/1173', '03:37:00', '[北京]', '-->', '[昌黎]', '06:31:00', '3站']
2018-10-29 20:00:58,126 - ['1206/1207', '07:33:00', '[昌黎]', '-->', '[北戴河]', '07:52:00', '1站']
2018-10-29 20:00:58,126 - ['D4538/D4535', '10:19:00', '[北戴河]', '-->', '[北京南]', '12:15:00', '1站']
2018-10-29 20:02:48,677 - ====================================
2018-10-29 20:02:48,677 - === [福州]->[广州] begin:20:00:00 ===
2018-10-29 20:02:48,677 - ====================================
2018-10-29 20:02:48,677 - 10:55:00 - 09:47:00
2018-10-29 20:02:48,677 - (次日)
2018-10-29 20:02:48,677 - Use time:22.87 h
2018-10-29 20:02:48,677 - ['1216/1217', '10:55:00', '[福州]', '-->', '[鹰潭]', '19:43:00', '7站']
2018-10-29 20:02:48,677 - ['D109/D112', '20:09:00', '[鹰潭]', '-->', '[长沙]', '23:29:00', '4站']
2018-10-29 20:02:48,677 - ['K1006/K1007', '00:07:00', '[长沙]', '-->', '[广州]', '09:47:00', '6站']
2018-10-29 20:02:48,940 - ====================================
2018-10-29 20:02:48,940 - === [福州]->[广州北] begin:20:00:00 ===
2018-10-29 20:02:48,940 - ====================================
2018-10-29 20:02:48,940 - 10:55:00 - 17:19:00
2018-10-29 20:02:48,940 - (次日)
2018-10-29 20:02:48,940 - Use time:30.4 h
2018-10-29 20:02:48,940 - ['1216/1217', '10:55:00', '[福州]', '-->', '[鹰潭]', '19:43:00', '7站']
2018-10-29 20:02:48,940 - ['D109/D112', '20:09:00', '[鹰潭]', '-->', '[长沙]', '23:29:00', '4站']
2018-10-29 20:02:48,940 - ['K1006/K1007', '00:07:00', '[长沙]', '-->', '[广州]', '09:47:00', '6站']
2018-10-29 20:02:48,940 - ['K776/K777', '16:56:00', '[广州]', '-->', '[广州北]', '17:19:00', '1站']
2018-10-29 20:02:48,987 - ====================================
2018-10-29 20:02:48,987 - === [福州]->[广州东] begin:20:00:00 ===
2018-10-29 20:02:48,987 - ====================================
2018-10-29 20:02:48,987 - 08:54:00 - 06:45:00
2018-10-29 20:02:48,987 - (次日)
2018-10-29 20:02:48,987 - Use time:21.85 h
2018-10-29 20:02:48,987 - ['D6243', '08:54:00', '[福州]', '-->', '[厦门]', '10:43:00', '5站']
2018-10-29 20:02:48,987 - ['K230/K231', '15:36:00', '[厦门]', '-->', '[广州东]', '06:45:00', '9站']
2018-10-29 20:02:49,237 - ====================================
2018-10-29 20:02:49,237 - === [福州]->[广州南] begin:20:00:00 ===
2018-10-29 20:02:49,237 - ====================================
2018-10-29 20:02:49,237 - 08:54:00 - 17:16:00
2018-10-29 20:02:49,237 - (次日)
2018-10-29 20:02:49,237 - Use time:32.37 h
2018-10-29 20:02:49,237 - ['D6243', '08:54:00', '[福州]', '-->', '[福州南]', '09:10:00', '1站']
2018-10-29 20:02:49,237 - ['D3204', '12:49:00', '[福州南]', '-->', '[上虞]', '16:44:00', '8站']
2018-10-29 20:02:49,237 - ['D5588', '19:20:00', '[上虞]', '-->', '[杭州]', '20:26:00', '2站']
2018-10-29 20:02:49,237 - ['1034/1035', '02:00:00', '[杭州]', '-->', '[南京]', '07:30:00', '6站']
2018-10-29 20:02:49,237 - ['D3002/D3003', '09:03:00', '[南京]', '-->', '[武汉]', '12:23:00', '7站']
2018-10-29 20:02:49,237 - ['G1005', '14:00:00', '[武汉]', '-->', '[广州南]', '17:16:00', '2站']
2018-10-29 20:02:49,334 - ====================================
2018-10-29 20:02:49,334 - === [福州南]->[广州] begin:20:00:00 ===
2018-10-29 20:02:49,334 - ====================================
2018-10-29 20:02:49,334 - 23:02:00 - 09:47:00
2018-10-29 20:02:49,334 - (次日)
2018-10-29 20:02:49,334 - (次日)
2018-10-29 20:02:49,334 - Use time:34.75 h
2018-10-29 20:02:49,334 - ['D6228', '23:02:00', '[福州南]', '-->', '[福州]', '23:18:00', '1站']
2018-10-29 20:02:49,334 - ['1216/1217', '10:55:00', '[福州]', '-->', '[鹰潭]', '19:43:00', '7站']
2018-10-29 20:02:49,334 - ['D109/D112', '20:09:00', '[鹰潭]', '-->', '[长沙]', '23:29:00', '4站']
2018-10-29 20:02:49,334 - ['K1006/K1007', '00:07:00', '[长沙]', '-->', '[广州]', '09:47:00', '6站']
2018-10-29 20:02:49,735 - ====================================
2018-10-29 20:02:49,735 - === [福州南]->[广州北] begin:20:00:00 ===
2018-10-29 20:02:49,735 - ====================================
2018-10-29 20:02:49,735 - 23:02:00 - 17:19:00
2018-10-29 20:02:49,735 - (次日)
2018-10-29 20:02:49,735 - (次日)
2018-10-29 20:02:49,735 - Use time:42.28 h
2018-10-29 20:02:49,735 - ['D6228', '23:02:00', '[福州南]', '-->', '[福州]', '23:18:00', '1站']
2018-10-29 20:02:49,735 - ['1216/1217', '10:55:00', '[福州]', '-->', '[鹰潭]', '19:43:00', '7站']
2018-10-29 20:02:49,735 - ['D109/D112', '20:09:00', '[鹰潭]', '-->', '[长沙]', '23:29:00', '4站']
2018-10-29 20:02:49,735 - ['K1006/K1007', '00:07:00', '[长沙]', '-->', '[广州]', '09:47:00', '6站']
2018-10-29 20:02:49,735 - ['K776/K777', '16:56:00', '[广州]', '-->', '[广州北]', '17:19:00', '1站']
2018-10-29 20:02:49,813 - ====================================
2018-10-29 20:02:49,813 - === [福州南]->[广州东] begin:20:00:00 ===
2018-10-29 20:02:49,813 - ====================================
2018-10-29 20:02:49,813 - 09:11:00 - 06:45:00
2018-10-29 20:02:49,813 - (次日)
2018-10-29 20:02:49,813 - Use time:21.57 h
2018-10-29 20:02:49,813 - ['D6243', '09:11:00', '[福州南]', '-->', '[厦门]', '10:43:00', '4站']
2018-10-29 20:02:49,813 - ['K230/K231', '15:36:00', '[厦门]', '-->', '[广州东]', '06:45:00', '9站']
2018-10-29 20:02:50,250 - ====================================
2018-10-29 20:02:50,257 - === [福州南]->[广州南] begin:20:00:00 ===
2018-10-29 20:02:50,262 - ====================================
2018-10-29 20:02:50,267 - 12:49:00 - 17:16:00
2018-10-29 20:02:50,272 - (次日)
2018-10-29 20:02:50,277 - Use time:28.45 h
2018-10-29 20:02:50,282 - ['D3204', '12:49:00', '[福州南]', '-->', '[上虞]', '16:44:00', '8站']
2018-10-29 20:02:50,287 - ['D5588', '19:20:00', '[上虞]', '-->', '[杭州]', '20:26:00', '2站']
2018-10-29 20:02:50,297 - ['1034/1035', '02:00:00', '[杭州]', '-->', '[南京]', '07:30:00', '6站']
2018-10-29 20:02:50,302 - ['D3002/D3003', '09:03:00', '[南京]', '-->', '[武汉]', '12:23:00', '7站']
2018-10-29 20:02:50,302 - ['G1005', '14:00:00', '[武汉]', '-->', '[广州南]', '17:16:00', '2站']
2018-10-29 20:02:50,302 - ====================================
2018-10-29 20:02:50,302 - === [福州]->[广州] begin:20:00:00 ===
2018-10-29 20:02:50,302 - ====================================
2018-10-29 20:02:50,302 - 10:55:00 - 09:47:00
2018-10-29 20:02:50,302 - (次日)
2018-10-29 20:02:50,302 - Use time:22.87 h
2018-10-29 20:02:50,302 - ['1216/1217', '10:55:00', '[福州]', '-->', '[鹰潭]', '19:43:00', '7站']
2018-10-29 20:02:50,302 - ['D109/D112', '20:09:00', '[鹰潭]', '-->', '[长沙]', '23:29:00', '4站']
2018-10-29 20:02:50,302 - ['K1006/K1007', '00:07:00', '[长沙]', '-->', '[广州]', '09:47:00', '6站']
2018-10-29 20:02:50,677 - ====================================
2018-10-29 20:02:50,677 - === [福州]->[广州北] begin:20:00:00 ===
2018-10-29 20:02:50,677 - ====================================
2018-10-29 20:02:50,677 - 10:55:00 - 17:19:00
2018-10-29 20:02:50,677 - (次日)
2018-10-29 20:02:50,677 - Use time:30.4 h
2018-10-29 20:02:50,677 - ['1216/1217', '10:55:00', '[福州]', '-->', '[鹰潭]', '19:43:00', '7站']
2018-10-29 20:02:50,677 - ['D109/D112', '20:09:00', '[鹰潭]', '-->', '[长沙]', '23:29:00', '4站']
2018-10-29 20:02:50,677 - ['K1006/K1007', '00:07:00', '[长沙]', '-->', '[广州]', '09:47:00', '6站']
2018-10-29 20:02:50,677 - ['K776/K777', '16:56:00', '[广州]', '-->', '[广州北]', '17:19:00', '1站']
2018-10-29 20:02:50,735 - ====================================
2018-10-29 20:02:50,735 - === [福州]->[广州东] begin:20:00:00 ===
2018-10-29 20:02:50,735 - ====================================
2018-10-29 20:02:50,735 - 08:54:00 - 06:45:00
2018-10-29 20:02:50,735 - (次日)
2018-10-29 20:02:50,735 - Use time:21.85 h
2018-10-29 20:02:50,735 - ['D6243', '08:54:00', '[福州]', '-->', '[厦门]', '10:43:00', '5站']
2018-10-29 20:02:50,735 - ['K230/K231', '15:36:00', '[厦门]', '-->', '[广州东]', '06:45:00', '9站']
2018-10-29 20:02:51,095 - ====================================
2018-10-29 20:02:51,095 - === [福州]->[广州南] begin:20:00:00 ===
2018-10-29 20:02:51,095 - ====================================
2018-10-29 20:02:51,095 - 08:54:00 - 17:16:00
2018-10-29 20:02:51,095 - (次日)
2018-10-29 20:02:51,095 - Use time:32.37 h
2018-10-29 20:02:51,095 - ['D6243', '08:54:00', '[福州]', '-->', '[福州南]', '09:10:00', '1站']
2018-10-29 20:02:51,095 - ['D3204', '12:49:00', '[福州南]', '-->', '[上虞]', '16:44:00', '8站']
2018-10-29 20:02:51,095 - ['D5588', '19:20:00', '[上虞]', '-->', '[杭州]', '20:26:00', '2站']
2018-10-29 20:02:51,095 - ['1034/1035', '02:00:00', '[杭州]', '-->', '[南京]', '07:30:00', '6站']
2018-10-29 20:02:51,095 - ['D3002/D3003', '09:03:00', '[南京]', '-->', '[武汉]', '12:23:00', '7站']
2018-10-29 20:02:51,095 - ['G1005', '14:00:00', '[武汉]', '-->', '[广州南]', '17:16:00', '2站']
2018-10-29 20:02:51,235 - ====================================
2018-10-29 20:02:51,235 - === [福州南]->[广州] begin:20:00:00 ===
2018-10-29 20:02:51,235 - ====================================
2018-10-29 20:02:51,235 - 23:02:00 - 09:47:00
2018-10-29 20:02:51,235 - (次日)
2018-10-29 20:02:51,235 - (次日)
2018-10-29 20:02:51,235 - Use time:34.75 h
2018-10-29 20:02:51,235 - ['D6228', '23:02:00', '[福州南]', '-->', '[福州]', '23:18:00', '1站']
2018-10-29 20:02:51,235 - ['1216/1217', '10:55:00', '[福州]', '-->', '[鹰潭]', '19:43:00', '7站']
2018-10-29 20:02:51,235 - ['D109/D112', '20:09:00', '[鹰潭]', '-->', '[长沙]', '23:29:00', '4站']
2018-10-29 20:02:51,235 - ['K1006/K1007', '00:07:00', '[长沙]', '-->', '[广州]', '09:47:00', '6站']
2018-10-29 20:02:51,570 - ====================================
2018-10-29 20:02:51,570 - === [福州南]->[广州北] begin:20:00:00 ===
2018-10-29 20:02:51,570 - ====================================
2018-10-29 20:02:51,570 - 23:02:00 - 17:19:00
2018-10-29 20:02:51,570 - (次日)
2018-10-29 20:02:51,570 - (次日)
2018-10-29 20:02:51,570 - Use time:42.28 h
2018-10-29 20:02:51,570 - ['D6228', '23:02:00', '[福州南]', '-->', '[福州]', '23:18:00', '1站']
2018-10-29 20:02:51,586 - ['1216/1217', '10:55:00', '[福州]', '-->', '[鹰潭]', '19:43:00', '7站']
2018-10-29 20:02:51,586 - ['D109/D112', '20:09:00', '[鹰潭]', '-->', '[长沙]', '23:29:00', '4站']
2018-10-29 20:02:51,586 - ['K1006/K1007', '00:07:00', '[长沙]', '-->', '[广州]', '09:47:00', '6站']
2018-10-29 20:02:51,586 - ['K776/K777', '16:56:00', '[广州]', '-->', '[广州北]', '17:19:00', '1站']
2018-10-29 20:02:51,648 - ====================================
2018-10-29 20:02:51,648 - === [福州南]->[广州东] begin:20:00:00 ===
2018-10-29 20:02:51,648 - ====================================
2018-10-29 20:02:51,648 - 09:11:00 - 06:45:00
2018-10-29 20:02:51,648 - (次日)
2018-10-29 20:02:51,648 - Use time:21.57 h
2018-10-29 20:02:51,648 - ['D6243', '09:11:00', '[福州南]', '-->', '[厦门]', '10:43:00', '4站']
2018-10-29 20:02:51,648 - ['K230/K231', '15:36:00', '[厦门]', '-->', '[广州东]', '06:45:00', '9站']
2018-10-29 20:02:51,985 - ====================================
2018-10-29 20:02:51,985 - === [福州南]->[广州南] begin:20:00:00 ===
2018-10-29 20:02:51,985 - ====================================
2018-10-29 20:02:51,985 - 12:49:00 - 17:16:00
2018-10-29 20:02:51,985 - (次日)
2018-10-29 20:02:51,985 - Use time:28.45 h
2018-10-29 20:02:51,985 - ['D3204', '12:49:00', '[福州南]', '-->', '[上虞]', '16:44:00', '8站']
2018-10-29 20:02:51,985 - ['D5588', '19:20:00', '[上虞]', '-->', '[杭州]', '20:26:00', '2站']
2018-10-29 20:02:51,985 - ['1034/1035', '02:00:00', '[杭州]', '-->', '[南京]', '07:30:00', '6站']
2018-10-29 20:02:51,985 - ['D3002/D3003', '09:03:00', '[南京]', '-->', '[武汉]', '12:23:00', '7站']
2018-10-29 20:02:51,985 - ['G1005', '14:00:00', '[武汉]', '-->', '[广州南]', '17:16:00', '2站']
2018-10-29 20:03:54,317 - ====================================
2018-10-29 20:03:54,317 - === [厦门]->[广州] begin:07:00:00 ===
2018-10-29 20:03:54,317 - ====================================
2018-10-29 20:03:54,317 - 08:31:00 - 09:47:00
2018-10-29 20:03:54,317 - (次日)
2018-10-29 20:03:54,317 - Use time:25.27 h
2018-10-29 20:03:54,317 - ['D6222', '08:31:00', '[厦门]', '-->', '[福州]', '09:59:00', '1站']
2018-10-29 20:03:54,317 - ['1216/1217', '10:55:00', '[福州]', '-->', '[鹰潭]', '19:43:00', '7站']
2018-10-29 20:03:54,317 - ['D109/D112', '20:09:00', '[鹰潭]', '-->', '[长沙]', '23:29:00', '4站']
2018-10-29 20:03:54,317 - ['K1006/K1007', '00:07:00', '[长沙]', '-->', '[广州]', '09:47:00', '6站']
2018-10-29 20:03:54,661 - ====================================
2018-10-29 20:03:54,661 - === [厦门]->[广州北] begin:07:00:00 ===
2018-10-29 20:03:54,661 - ====================================
2018-10-29 20:03:54,661 - 08:31:00 - 17:19:00
2018-10-29 20:03:54,661 - (次日)
2018-10-29 20:03:54,661 - Use time:32.8 h
2018-10-29 20:03:54,661 - ['D6222', '08:31:00', '[厦门]', '-->', '[福州]', '09:59:00', '1站']
2018-10-29 20:03:54,661 - ['1216/1217', '10:55:00', '[福州]', '-->', '[鹰潭]', '19:43:00', '7站']
2018-10-29 20:03:54,661 - ['D109/D112', '20:09:00', '[鹰潭]', '-->', '[长沙]', '23:29:00', '4站']
2018-10-29 20:03:54,661 - ['K1006/K1007', '00:07:00', '[长沙]', '-->', '[广州]', '09:47:00', '6站']
2018-10-29 20:03:54,661 - ['K776/K777', '16:56:00', '[广州]', '-->', '[广州北]', '17:19:00', '1站']
2018-10-29 20:03:54,736 - ====================================
2018-10-29 20:03:54,736 - === [厦门]->[广州东] begin:07:00:00 ===
2018-10-29 20:03:54,736 - ====================================
2018-10-29 20:03:54,736 - 15:36:00 - 06:45:00
2018-10-29 20:03:54,736 - (次日)
2018-10-29 20:03:54,736 - Use time:15.15 h
2018-10-29 20:03:54,736 - ['K230/K231', '15:36:00', '[厦门]', '-->', '[广州东]', '06:45:00', '9站']
2018-10-29 20:03:55,079 - ====================================
2018-10-29 20:03:55,079 - === [厦门]->[广州南] begin:07:00:00 ===
2018-10-29 20:03:55,079 - ====================================
2018-10-29 20:03:55,079 - 08:31:00 - 17:16:00
2018-10-29 20:03:55,079 - (次日)
2018-10-29 20:03:55,079 - Use time:32.75 h
2018-10-29 20:03:55,079 - ['D6222', '08:31:00', '[厦门]', '-->', '[福州]', '09:59:00', '1站']
2018-10-29 20:03:55,079 - ['D6235', '11:10:00', '[福州]', '-->', '[福州南]', '11:26:00', '1站']
2018-10-29 20:03:55,079 - ['D3204', '12:49:00', '[福州南]', '-->', '[上虞]', '16:44:00', '8站']
2018-10-29 20:03:55,079 - ['D5588', '19:20:00', '[上虞]', '-->', '[杭州]', '20:26:00', '2站']
2018-10-29 20:03:55,079 - ['1034/1035', '02:00:00', '[杭州]', '-->', '[南京]', '07:30:00', '6站']
2018-10-29 20:03:55,079 - ['D3002/D3003', '09:03:00', '[南京]', '-->', '[武汉]', '12:23:00', '7站']
2018-10-29 20:03:55,079 - ['G1005', '14:00:00', '[武汉]', '-->', '[广州南]', '17:16:00', '2站']
2018-10-29 20:03:55,582 - ====================================
2018-10-29 20:03:55,582 - === [厦门北]->[广州] begin:07:00:00 ===
2018-10-29 20:03:55,582 - ====================================
2018-10-29 20:03:55,582 - 11:32:00 - 04:32:00
2018-10-29 20:03:55,582 - (次日)
2018-10-29 20:03:55,582 - (次日)
2018-10-29 20:03:55,582 - Use time:41.0 h
2018-10-29 20:03:55,582 - ['D3204', '11:32:00', '[厦门北]', '-->', '[杭州南]', '17:24:00', '13站']
2018-10-29 20:03:55,582 - ['1373/1376', '19:29:00', '[杭州南]', '-->', '[株洲]', '07:07:00', '11站']
2018-10-29 20:03:55,582 - ['1010/1007', '11:59:00', '[株洲]', '-->', '[韶关东]', '17:19:00', '5站']
2018-10-29 20:03:55,582 - ['T95', '02:19:00', '[韶关东]', '-->', '[广州]', '04:32:00', '1站']
2018-10-29 20:03:55,891 - ====================================
2018-10-29 20:03:55,891 - === [厦门北]->[广州北] begin:07:00:00 ===
2018-10-29 20:03:55,891 - ====================================
2018-10-29 20:03:55,891 - 11:32:00 - 19:49:00
2018-10-29 20:03:55,891 - (次日)
2018-10-29 20:03:55,891 - Use time:32.28 h
2018-10-29 20:03:55,891 - ['D3204', '11:32:00', '[厦门北]', '-->', '[上虞]', '16:44:00', '12站']
2018-10-29 20:03:55,891 - ['D5588', '19:20:00', '[上虞]', '-->', '[杭州]', '20:26:00', '2站']
2018-10-29 20:03:55,891 - ['1034/1035', '02:00:00', '[杭州]', '-->', '[南京]', '07:30:00', '6站']
2018-10-29 20:03:55,891 - ['D3002/D3003', '09:03:00', '[南京]', '-->', '[武汉]', '12:23:00', '7站']
2018-10-29 20:03:55,891 - ['G1005', '14:00:00', '[武汉]', '-->', '[广州南]', '17:16:00', '2站']
2018-10-29 20:03:55,891 - ['G1106', '19:34:00', '[广州南]', '-->', '[广州北]', '19:49:00', '1站']
2018-10-29 20:03:55,923 - ====================================
2018-10-29 20:03:55,923 - === [厦门北]->[广州东] begin:07:00:00 ===
2018-10-29 20:03:55,923 - ====================================
2018-10-29 20:03:55,923 - 11:29:00 - 06:45:00
2018-10-29 20:03:55,923 - (次日)
2018-10-29 20:03:55,923 - Use time:19.27 h
2018-10-29 20:03:55,923 - ['D6239', '11:29:00', '[厦门北]', '-->', '[厦门]', '11:50:00', '1站']
2018-10-29 20:03:55,923 - ['K230/K231', '15:36:00', '[厦门]', '-->', '[广州东]', '06:45:00', '9站']
2018-10-29 20:03:56,173 - ====================================
2018-10-29 20:03:56,173 - === [厦门北]->[广州南] begin:07:00:00 ===
2018-10-29 20:03:56,173 - ====================================
2018-10-29 20:03:56,173 - 11:32:00 - 17:16:00
2018-10-29 20:03:56,173 - (次日)
2018-10-29 20:03:56,173 - Use time:29.73 h
2018-10-29 20:03:56,173 - ['D3204', '11:32:00', '[厦门北]', '-->', '[上虞]', '16:44:00', '12站']
2018-10-29 20:03:56,173 - ['D5588', '19:20:00', '[上虞]', '-->', '[杭州]', '20:26:00', '2站']
2018-10-29 20:03:56,173 - ['1034/1035', '02:00:00', '[杭州]', '-->', '[南京]', '07:30:00', '6站']
2018-10-29 20:03:56,173 - ['D3002/D3003', '09:03:00', '[南京]', '-->', '[武汉]', '12:23:00', '7站']
2018-10-29 20:03:56,173 - ['G1005', '14:00:00', '[武汉]', '-->', '[广州南]', '17:16:00', '2站']
2018-10-29 20:04:26,351 - ====================================
2018-10-29 20:04:26,351 - === [厦门]->[广州] begin:07:00:00 ===
2018-10-29 20:04:26,351 - ====================================
2018-10-29 20:04:26,351 - 08:31:00 - 09:47:00
2018-10-29 20:04:26,351 - (次日)
2018-10-29 20:04:26,351 - Use time:25.27 h
2018-10-29 20:04:26,351 - ['D6222', '08:31:00', '[厦门]', '-->', '[福州]', '09:59:00', '1站']
2018-10-29 20:04:26,351 - ['1216/1217', '10:55:00', '[福州]', '-->', '[鹰潭]', '19:43:00', '7站']
2018-10-29 20:04:26,351 - ['D109/D112', '20:09:00', '[鹰潭]', '-->', '[长沙]', '23:29:00', '4站']
2018-10-29 20:04:26,351 - ['K1006/K1007', '00:07:00', '[长沙]', '-->', '[广州]', '09:47:00', '6站']
2018-10-29 20:04:26,617 - ====================================
2018-10-29 20:04:26,617 - === [厦门]->[广州北] begin:07:00:00 ===
2018-10-29 20:04:26,617 - ====================================
2018-10-29 20:04:26,617 - 08:31:00 - 17:19:00
2018-10-29 20:04:26,617 - (次日)
2018-10-29 20:04:26,617 - Use time:32.8 h
2018-10-29 20:04:26,617 - ['D6222', '08:31:00', '[厦门]', '-->', '[福州]', '09:59:00', '1站']
2018-10-29 20:04:26,617 - ['1216/1217', '10:55:00', '[福州]', '-->', '[鹰潭]', '19:43:00', '7站']
2018-10-29 20:04:26,617 - ['D109/D112', '20:09:00', '[鹰潭]', '-->', '[长沙]', '23:29:00', '4站']
2018-10-29 20:04:26,617 - ['K1006/K1007', '00:07:00', '[长沙]', '-->', '[广州]', '09:47:00', '6站']
2018-10-29 20:04:26,617 - ['K776/K777', '16:56:00', '[广州]', '-->', '[广州北]', '17:19:00', '1站']
2018-10-29 20:04:26,664 - ====================================
2018-10-29 20:04:26,664 - === [厦门]->[广州东] begin:07:00:00 ===
2018-10-29 20:04:26,664 - ====================================
2018-10-29 20:04:26,664 - 15:36:00 - 06:45:00
2018-10-29 20:04:26,664 - (次日)
2018-10-29 20:04:26,664 - Use time:15.15 h
2018-10-29 20:04:26,664 - ['K230/K231', '15:36:00', '[厦门]', '-->', '[广州东]', '06:45:00', '9站']
2018-10-29 20:04:26,985 - ====================================
2018-10-29 20:04:26,985 - === [厦门]->[广州南] begin:07:00:00 ===
2018-10-29 20:04:26,985 - ====================================
2018-10-29 20:04:26,985 - 08:31:00 - 17:16:00
2018-10-29 20:04:26,985 - (次日)
2018-10-29 20:04:26,985 - Use time:32.75 h
2018-10-29 20:04:26,985 - ['D6222', '08:31:00', '[厦门]', '-->', '[福州]', '09:59:00', '1站']
2018-10-29 20:04:26,985 - ['D6235', '11:10:00', '[福州]', '-->', '[福州南]', '11:26:00', '1站']
2018-10-29 20:04:26,985 - ['D3204', '12:49:00', '[福州南]', '-->', '[上虞]', '16:44:00', '8站']
2018-10-29 20:04:26,985 - ['D5588', '19:20:00', '[上虞]', '-->', '[杭州]', '20:26:00', '2站']
2018-10-29 20:04:26,985 - ['1034/1035', '02:00:00', '[杭州]', '-->', '[南京]', '07:30:00', '6站']
2018-10-29 20:04:26,985 - ['D3002/D3003', '09:03:00', '[南京]', '-->', '[武汉]', '12:23:00', '7站']
2018-10-29 20:04:26,985 - ['G1005', '14:00:00', '[武汉]', '-->', '[广州南]', '17:16:00', '2站']
2018-10-29 20:04:27,551 - ====================================
2018-10-29 20:04:27,551 - === [厦门北]->[广州] begin:07:00:00 ===
2018-10-29 20:04:27,551 - ====================================
2018-10-29 20:04:27,551 - 11:32:00 - 04:32:00
2018-10-29 20:04:27,551 - (次日)
2018-10-29 20:04:27,551 - (次日)
2018-10-29 20:04:27,551 - Use time:41.0 h
2018-10-29 20:04:27,551 - ['D3204', '11:32:00', '[厦门北]', '-->', '[杭州南]', '17:24:00', '13站']
2018-10-29 20:04:27,551 - ['1373/1376', '19:29:00', '[杭州南]', '-->', '[株洲]', '07:07:00', '11站']
2018-10-29 20:04:27,551 - ['1010/1007', '11:59:00', '[株洲]', '-->', '[韶关东]', '17:19:00', '5站']
2018-10-29 20:04:27,551 - ['T95', '02:19:00', '[韶关东]', '-->', '[广州]', '04:32:00', '1站']
2018-10-29 20:04:27,892 - ====================================
2018-10-29 20:04:27,892 - === [厦门北]->[广州北] begin:07:00:00 ===
2018-10-29 20:04:27,892 - ====================================
2018-10-29 20:04:27,892 - 11:32:00 - 19:49:00
2018-10-29 20:04:27,892 - (次日)
2018-10-29 20:04:27,892 - Use time:32.28 h
2018-10-29 20:04:27,892 - ['D3204', '11:32:00', '[厦门北]', '-->', '[上虞]', '16:44:00', '12站']
2018-10-29 20:04:27,892 - ['D5588', '19:20:00', '[上虞]', '-->', '[杭州]', '20:26:00', '2站']
2018-10-29 20:04:27,892 - ['1034/1035', '02:00:00', '[杭州]', '-->', '[南京]', '07:30:00', '6站']
2018-10-29 20:04:27,892 - ['D3002/D3003', '09:03:00', '[南京]', '-->', '[武汉]', '12:23:00', '7站']
2018-10-29 20:04:27,892 - ['G1005', '14:00:00', '[武汉]', '-->', '[广州南]', '17:16:00', '2站']
2018-10-29 20:04:27,892 - ['G1106', '19:34:00', '[广州南]', '-->', '[广州北]', '19:49:00', '1站']
2018-10-29 20:04:27,907 - ====================================
2018-10-29 20:04:27,907 - === [厦门北]->[广州东] begin:07:00:00 ===
2018-10-29 20:04:27,907 - ====================================
2018-10-29 20:04:27,907 - 11:29:00 - 06:45:00
2018-10-29 20:04:27,907 - (次日)
2018-10-29 20:04:27,907 - Use time:19.27 h
2018-10-29 20:04:27,907 - ['D6239', '11:29:00', '[厦门北]', '-->', '[厦门]', '11:50:00', '1站']
2018-10-29 20:04:27,907 - ['K230/K231', '15:36:00', '[厦门]', '-->', '[广州东]', '06:45:00', '9站']
2018-10-29 20:04:28,142 - ====================================
2018-10-29 20:04:28,142 - === [厦门北]->[广州南] begin:07:00:00 ===
2018-10-29 20:04:28,142 - ====================================
2018-10-29 20:04:28,142 - 11:32:00 - 17:16:00
2018-10-29 20:04:28,142 - (次日)
2018-10-29 20:04:28,142 - Use time:29.73 h
2018-10-29 20:04:28,142 - ['D3204', '11:32:00', '[厦门北]', '-->', '[上虞]', '16:44:00', '12站']
2018-10-29 20:04:28,142 - ['D5588', '19:20:00', '[上虞]', '-->', '[杭州]', '20:26:00', '2站']
2018-10-29 20:04:28,142 - ['1034/1035', '02:00:00', '[杭州]', '-->', '[南京]', '07:30:00', '6站']
2018-10-29 20:04:28,142 - ['D3002/D3003', '09:03:00', '[南京]', '-->', '[武汉]', '12:23:00', '7站']
2018-10-29 20:04:28,142 - ['G1005', '14:00:00', '[武汉]', '-->', '[广州南]', '17:16:00', '2站']
2018-10-29 20:12:50,397 - ====================================
2018-10-29 20:12:50,397 - === [厦门]->[福州] begin:07:00:00 ===
2018-10-29 20:12:50,397 - ====================================
2018-10-29 20:12:50,397 - 08:31:00 - 09:59:00
2018-10-29 20:12:50,397 - Use time:1.47 h
2018-10-29 20:12:50,397 - ['D6222', '08:31:00', '[厦门]', '-->', '[福州]', '09:59:00', '1站']
2018-10-29 20:12:50,397 - ====================================
2018-10-29 20:12:50,397 - === [厦门]->[福州南] begin:07:00:00 ===
2018-10-29 20:12:50,397 - ====================================
2018-10-29 20:12:50,397 - 08:31:00 - 11:26:00
2018-10-29 20:12:50,397 - Use time:2.92 h
2018-10-29 20:12:50,397 - ['D6222', '08:31:00', '[厦门]', '-->', '[福州]', '09:59:00', '1站']
2018-10-29 20:12:50,397 - ['D6235', '11:10:00', '[福州]', '-->', '[福州南]', '11:26:00', '1站']
2018-10-29 20:12:50,413 - ====================================
2018-10-29 20:12:50,413 - === [厦门北]->[福州] begin:07:00:00 ===
2018-10-29 20:12:50,413 - ====================================
2018-10-29 20:12:50,413 - 11:32:00 - 13:16:00
2018-10-29 20:12:50,413 - Use time:1.73 h
2018-10-29 20:12:50,413 - ['D3204', '11:32:00', '[厦门北]', '-->', '[福清]', '12:33:00', '3站']
2018-10-29 20:12:50,413 - ['D6230', '12:51:00', '[福清]', '-->', '[福州]', '13:16:00', '1站']
2018-10-29 20:12:50,413 - ====================================
2018-10-29 20:12:50,413 - === [厦门北]->[福州南] begin:07:00:00 ===
2018-10-29 20:12:50,413 - ====================================
2018-10-29 20:12:50,413 - 11:32:00 - 12:47:00
2018-10-29 20:12:50,413 - Use time:1.25 h
2018-10-29 20:12:50,413 - ['D3204', '11:32:00', '[厦门北]', '-->', '[福州南]', '12:47:00', '4站']
2018-10-29 20:13:10,397 - ====================================
2018-10-29 20:13:10,397 - === [厦门]->[福州] begin:20:13:00 ===
2018-10-29 20:13:10,397 - ====================================
2018-10-29 20:13:10,397 - 21:27:00 - 23:18:00
2018-10-29 20:13:10,397 - Use time:1.85 h
2018-10-29 20:13:10,397 - ['D6228', '21:27:00', '[厦门]', '-->', '[福州]', '23:18:00', '5站']
2018-10-29 20:13:10,397 - ====================================
2018-10-29 20:13:10,397 - === [厦门]->[福州南] begin:20:13:00 ===
2018-10-29 20:13:10,397 - ====================================
2018-10-29 20:13:10,397 - 21:27:00 - 23:01:00
2018-10-29 20:13:10,397 - Use time:1.57 h
2018-10-29 20:13:10,397 - ['D6228', '21:27:00', '[厦门]', '-->', '[福州南]', '23:01:00', '4站']
2018-10-29 20:13:10,397 - ====================================
2018-10-29 20:13:10,397 - === [厦门北]->[福州] begin:20:13:00 ===
2018-10-29 20:13:10,397 - ====================================
2018-10-29 20:13:10,397 - 20:17:00 - 21:45:00
2018-10-29 20:13:10,397 - Use time:1.47 h
2018-10-29 20:13:10,397 - ['D6238', '20:17:00', '[厦门北]', '-->', '[福州]', '21:45:00', '4站']
2018-10-29 20:13:10,413 - ====================================
2018-10-29 20:13:10,413 - === [厦门北]->[福州南] begin:20:13:00 ===
2018-10-29 20:13:10,413 - ====================================
2018-10-29 20:13:10,413 - 20:17:00 - 23:01:00
2018-10-29 20:13:10,413 - Use time:2.73 h
2018-10-29 20:13:10,413 - ['D6238', '20:17:00', '[厦门北]', '-->', '[泉州]', '20:44:00', '2站']
2018-10-29 20:13:10,413 - ['D6228', '22:13:00', '[泉州]', '-->', '[福州南]', '23:01:00', '2站']
2018-10-29 20:14:10,472 - ====================================
2018-10-29 20:14:10,472 - === [厦门]->[福州] begin:20:13:00 ===
2018-10-29 20:14:10,472 - ====================================
2018-10-29 20:14:10,472 - 21:27:00 - 23:18:00
2018-10-29 20:14:10,472 - Use time:1.85 h
2018-10-29 20:14:10,472 - ['D6228', '21:27:00', '[厦门]', '-->', '[福州]', '23:18:00', '5站']
2018-10-29 20:14:10,472 - ====================================
2018-10-29 20:14:10,472 - === [厦门]->[福州南] begin:20:13:00 ===
2018-10-29 20:14:10,472 - ====================================
2018-10-29 20:14:10,472 - 21:27:00 - 23:01:00
2018-10-29 20:14:10,472 - Use time:1.57 h
2018-10-29 20:14:10,472 - ['D6228', '21:27:00', '[厦门]', '-->', '[福州南]', '23:01:00', '4站']
2018-10-29 20:14:10,472 - ====================================
2018-10-29 20:14:10,472 - === [厦门北]->[福州] begin:20:13:00 ===
2018-10-29 20:14:10,472 - ====================================
2018-10-29 20:14:10,472 - 20:17:00 - 21:45:00
2018-10-29 20:14:10,472 - Use time:1.47 h
2018-10-29 20:14:10,472 - ['D6238', '20:17:00', '[厦门北]', '-->', '[福州]', '21:45:00', '4站']
2018-10-29 20:14:10,488 - ====================================
2018-10-29 20:14:10,488 - === [厦门北]->[福州南] begin:20:13:00 ===
2018-10-29 20:14:10,488 - ====================================
2018-10-29 20:14:10,488 - 20:17:00 - 23:01:00
2018-10-29 20:14:10,488 - Use time:2.73 h
2018-10-29 20:14:10,488 - ['D6238', '20:17:00', '[厦门北]', '-->', '[泉州]', '20:44:00', '2站']
2018-10-29 20:14:10,488 - ['D6228', '22:13:00', '[泉州]', '-->', '[福州南]', '23:01:00', '2站']
2018-10-29 22:33:37,848 - ====================================
2018-10-29 22:33:37,848 - === [福州]->[北京西] begin:22:33:00 ===
2018-10-29 22:33:37,848 - ====================================
2018-10-29 22:33:37,848 - 08:54:00 - 10:23:00
2018-10-29 22:33:37,848 - (次日)
2018-10-29 22:33:37,848 - (次日)
2018-10-29 22:33:37,848 - Use time:49.48 h
2018-10-29 22:33:37,848 - ['D6243', '08:54:00', '[福州]', '-->', '[福州南]', '09:10:00', '1站']
2018-10-29 22:33:37,848 - ['D3204', '12:49:00', '[福州南]', '-->', '[海宁]', '18:06:00', '10站']
2018-10-29 22:33:37,848 - ['Z10', '18:17:00', '[海宁]', '-->', '[北京]', '06:42:00', '1站']
2018-10-29 22:33:37,848 - ['1174/1171', '02:31:00', '[北京]', '-->', '[白涧]', '04:43:00', '1站']
2018-10-29 22:33:37,848 - ['1164', '07:18:00', '[白涧]', '-->', '[北京西]', '10:23:00', '3站']
2018-10-29 22:33:37,879 - ====================================
2018-10-29 22:33:37,879 - === [福州]->[北京] begin:22:33:00 ===
2018-10-29 22:33:37,879 - ====================================
2018-10-29 22:33:37,879 - 08:54:00 - 06:42:00
2018-10-29 22:33:37,879 - (次日)
2018-10-29 22:33:37,879 - Use time:45.8 h
2018-10-29 22:33:37,879 - ['D6243', '08:54:00', '[福州]', '-->', '[福州南]', '09:10:00', '1站']
2018-10-29 22:33:37,879 - ['D3204', '12:49:00', '[福州南]', '-->', '[海宁]', '18:06:00', '10站']
2018-10-29 22:33:37,879 - ['Z10', '18:17:00', '[海宁]', '-->', '[北京]', '06:42:00', '1站']
2018-10-29 22:33:38,223 - ====================================
2018-10-29 22:33:38,223 - === [福州]->[北京北] begin:22:33:00 ===
2018-10-29 22:33:38,223 - ====================================
2018-10-29 22:33:38,223 - 08:54:00 - 19:29:00
2018-10-29 22:33:38,223 - (次日)
2018-10-29 22:33:38,223 - (次日)
2018-10-29 22:33:38,223 - Use time:58.58 h
2018-10-29 22:33:38,223 - ['D6243', '08:54:00', '[福州]', '-->', '[福州南]', '09:10:00', '1站']
2018-10-29 22:33:38,223 - ['D3204', '12:49:00', '[福州南]', '-->', '[海宁]', '18:06:00', '10站']
2018-10-29 22:33:38,223 - ['Z10', '18:17:00', '[海宁]', '-->', '[北京]', '06:42:00', '1站']
2018-10-29 22:33:38,223 - ['1174/1171', '02:31:00', '[北京]', '-->', '[白涧]', '04:43:00', '1站']
2018-10-29 22:33:38,223 - ['1164', '07:18:00', '[白涧]', '-->', '[北京西]', '10:23:00', '3站']
2018-10-29 22:33:38,223 - ['K7701', '10:46:00', '[北京西]', '-->', '[宣化]', '13:48:00', '4站']
2018-10-29 22:33:38,223 - ['1456/1457', '15:28:00', '[宣化]', '-->', '[北京北]', '19:29:00', '3站']
2018-10-29 22:33:38,371 - ====================================
2018-10-29 22:33:38,371 - === [福州]->[北京南] begin:22:33:00 ===
2018-10-29 22:33:38,371 - ====================================
2018-10-29 22:33:38,371 - 08:54:00 - 12:15:00
2018-10-29 22:33:38,371 - (次日)
2018-10-29 22:33:38,371 - (次日)
2018-10-29 22:33:38,371 - Use time:51.35 h
2018-10-29 22:33:38,371 - ['D6243', '08:54:00', '[福州]', '-->', '[福州南]', '09:10:00', '1站']
2018-10-29 22:33:38,371 - ['D3204', '12:49:00', '[福州南]', '-->', '[海宁]', '18:06:00', '10站']
2018-10-29 22:33:38,371 - ['Z10', '18:17:00', '[海宁]', '-->', '[北京]', '06:42:00', '1站']
2018-10-29 22:33:38,371 - ['1172/1173', '03:37:00', '[北京]', '-->', '[昌黎]', '06:31:00', '3站']
2018-10-29 22:33:38,371 - ['1206/1207', '07:33:00', '[昌黎]', '-->', '[北戴河]', '07:52:00', '1站']
2018-10-29 22:33:38,371 - ['D4538/D4535', '10:19:00', '[北戴河]', '-->', '[北京南]', '12:15:00', '1站']
2018-10-29 22:33:38,465 - ====================================
2018-10-29 22:33:38,465 - === [福州南]->[北京西] begin:22:33:00 ===
2018-10-29 22:33:38,465 - ====================================
2018-10-29 22:33:38,465 - 12:49:00 - 10:23:00
2018-10-29 22:33:38,465 - (次日)
2018-10-29 22:33:38,465 - (次日)
2018-10-29 22:33:38,465 - Use time:45.57 h
2018-10-29 22:33:38,465 - ['D3204', '12:49:00', '[福州南]', '-->', '[海宁]', '18:06:00', '10站']
2018-10-29 22:33:38,465 - ['Z10', '18:17:00', '[海宁]', '-->', '[北京]', '06:42:00', '1站']
2018-10-29 22:33:38,465 - ['1174/1171', '02:31:00', '[北京]', '-->', '[白涧]', '04:43:00', '1站']
2018-10-29 22:33:38,465 - ['1164', '07:18:00', '[白涧]', '-->', '[北京西]', '10:23:00', '3站']
2018-10-29 22:33:38,512 - ====================================
2018-10-29 22:33:38,512 - === [福州南]->[北京] begin:22:33:00 ===
2018-10-29 22:33:38,512 - ====================================
2018-10-29 22:33:38,512 - 12:49:00 - 06:42:00
2018-10-29 22:33:38,512 - (次日)
2018-10-29 22:33:38,512 - Use time:41.88 h
2018-10-29 22:33:38,512 - ['D3204', '12:49:00', '[福州南]', '-->', '[海宁]', '18:06:00', '10站']
2018-10-29 22:33:38,512 - ['Z10', '18:17:00', '[海宁]', '-->', '[北京]', '06:42:00', '1站']
2018-10-29 22:33:38,918 - ====================================
2018-10-29 22:33:38,918 - === [福州南]->[北京北] begin:22:33:00 ===
2018-10-29 22:33:38,918 - ====================================
2018-10-29 22:33:38,918 - 12:49:00 - 19:29:00
2018-10-29 22:33:38,918 - (次日)
2018-10-29 22:33:38,918 - (次日)
2018-10-29 22:33:38,918 - Use time:54.67 h
2018-10-29 22:33:38,918 - ['D3204', '12:49:00', '[福州南]', '-->', '[海宁]', '18:06:00', '10站']
2018-10-29 22:33:38,918 - ['Z10', '18:17:00', '[海宁]', '-->', '[北京]', '06:42:00', '1站']
2018-10-29 22:33:38,918 - ['1174/1171', '02:31:00', '[北京]', '-->', '[白涧]', '04:43:00', '1站']
2018-10-29 22:33:38,918 - ['1164', '07:18:00', '[白涧]', '-->', '[北京西]', '10:23:00', '3站']
2018-10-29 22:33:38,918 - ['K7701', '10:46:00', '[北京西]', '-->', '[宣化]', '13:48:00', '4站']
2018-10-29 22:33:38,918 - ['1456/1457', '15:28:00', '[宣化]', '-->', '[北京北]', '19:29:00', '3站']
2018-10-29 22:33:39,106 - ====================================
2018-10-29 22:33:39,106 - === [福州南]->[北京南] begin:22:33:00 ===
2018-10-29 22:33:39,106 - ====================================
2018-10-29 22:33:39,106 - 12:49:00 - 12:15:00
2018-10-29 22:33:39,106 - (次日)
2018-10-29 22:33:39,106 - (次日)
2018-10-29 22:33:39,106 - Use time:47.43 h
2018-10-29 22:33:39,106 - ['D3204', '12:49:00', '[福州南]', '-->', '[海宁]', '18:06:00', '10站']
2018-10-29 22:33:39,106 - ['Z10', '18:17:00', '[海宁]', '-->', '[北京]', '06:42:00', '1站']
2018-10-29 22:33:39,106 - ['1172/1173', '03:37:00', '[北京]', '-->', '[昌黎]', '06:31:00', '3站']
2018-10-29 22:33:39,106 - ['1206/1207', '07:33:00', '[昌黎]', '-->', '[北戴河]', '07:52:00', '1站']
2018-10-29 22:33:39,106 - ['D4538/D4535', '10:19:00', '[北戴河]', '-->', '[北京南]', '12:15:00', '1站']
2018-10-29 22:33:39,106 - ====================================
2018-10-29 22:33:39,106 - === [长乐机场]->[首都国际机场] begin:22:33:00 ===
2018-10-29 22:33:39,106 - ====================================
2018-10-29 22:33:39,106 - 08:30:00 - 11:05:00
2018-10-29 22:33:39,106 - Use time:2.58 h
2018-10-29 22:33:39,106 - ['CA1822', '08:30:00', '[长乐机场]', '-->', '[首都国际机场]', '11:05:00', '1站']
2018-10-29 22:33:41,038 - ====================================
2018-10-29 22:33:41,054 - === [福州]->[北京西] begin:22:33:00 ===
2018-10-29 22:33:41,069 - ====================================
2018-10-29 22:33:41,101 - 08:54:00 - 10:23:00
2018-10-29 22:33:41,101 - (次日)
2018-10-29 22:33:41,116 - (次日)
2018-10-29 22:33:41,132 - Use time:49.48 h
2018-10-29 22:33:41,147 - ['D6243', '08:54:00', '[福州]', '-->', '[福州南]', '09:10:00', '1站']
2018-10-29 22:33:41,147 - ['D3204', '12:49:00', '[福州南]', '-->', '[海宁]', '18:06:00', '10站']
2018-10-29 22:33:41,163 - ['Z10', '18:17:00', '[海宁]', '-->', '[北京]', '06:42:00', '1站']
2018-10-29 22:33:41,179 - ['1174/1171', '02:31:00', '[北京]', '-->', '[白涧]', '04:43:00', '1站']
2018-10-29 22:33:41,194 - ['1164', '07:18:00', '[白涧]', '-->', '[北京西]', '10:23:00', '3站']
2018-10-29 22:33:41,357 - ====================================
2018-10-29 22:33:41,373 - === [福州]->[北京] begin:22:33:00 ===
2018-10-29 22:33:41,389 - ====================================
2018-10-29 22:33:41,404 - 08:54:00 - 06:42:00
2018-10-29 22:33:41,420 - (次日)
2018-10-29 22:33:41,436 - Use time:45.8 h
2018-10-29 22:33:41,436 - ['D6243', '08:54:00', '[福州]', '-->', '[福州南]', '09:10:00', '1站']
2018-10-29 22:33:41,467 - ['D3204', '12:49:00', '[福州南]', '-->', '[海宁]', '18:06:00', '10站']
2018-10-29 22:33:41,467 - ['Z10', '18:17:00', '[海宁]', '-->', '[北京]', '06:42:00', '1站']
2018-10-29 22:33:42,117 - ====================================
2018-10-29 22:33:42,133 - === [长乐机场]->[南苑机场] begin:22:33:00 ===
2018-10-29 22:33:42,148 - ====================================
2018-10-29 22:33:42,148 - 08:30:00 - 14:55:00
2018-10-29 22:33:42,180 - Use time:6.42 h
2018-10-29 22:33:42,195 - ['CA1822', '08:30:00', '[长乐机场]', '-->', '[首都国际机场]', '11:05:00', '1站']
2018-10-29 22:33:42,195 - ['CA1111', '11:25:00', '[首都国际机场]', '-->', '[白塔机场]', '12:30:00', '1站']
2018-10-29 22:33:42,195 - ====================================
2018-10-29 22:33:42,195 - ['FM2938', '14:05:00', '[白塔机场]', '-->', '[南苑机场]', '14:55:00', '1站']
2018-10-29 22:33:42,195 - === [福州]->[北京北] begin:22:33:00 ===
2018-10-29 22:33:42,195 - ====================================
2018-10-29 22:33:42,195 - 08:54:00 - 19:29:00
2018-10-29 22:33:42,195 - (次日)
2018-10-29 22:33:42,195 - (次日)
2018-10-29 22:33:42,195 - Use time:58.58 h
2018-10-29 22:33:42,195 - ['D6243', '08:54:00', '[福州]', '-->', '[福州南]', '09:10:00', '1站']
2018-10-29 22:33:42,195 - ['D3204', '12:49:00', '[福州南]', '-->', '[海宁]', '18:06:00', '10站']
2018-10-29 22:33:42,195 - ['Z10', '18:17:00', '[海宁]', '-->', '[北京]', '06:42:00', '1站']
2018-10-29 22:33:42,195 - ['1174/1171', '02:31:00', '[北京]', '-->', '[白涧]', '04:43:00', '1站']
2018-10-29 22:33:42,195 - ['1164', '07:18:00', '[白涧]', '-->', '[北京西]', '10:23:00', '3站']
2018-10-29 22:33:42,195 - ['K7701', '10:46:00', '[北京西]', '-->', '[宣化]', '13:48:00', '4站']
2018-10-29 22:33:42,195 - ['1456/1457', '15:28:00', '[宣化]', '-->', '[北京北]', '19:29:00', '3站']
2018-10-29 22:33:42,371 - ====================================
2018-10-29 22:33:42,371 - === [福州]->[北京南] begin:22:33:00 ===
2018-10-29 22:33:42,371 - ====================================
2018-10-29 22:33:42,371 - 08:54:00 - 12:15:00
2018-10-29 22:33:42,371 - (次日)
2018-10-29 22:33:42,371 - (次日)
2018-10-29 22:33:42,371 - Use time:51.35 h
2018-10-29 22:33:42,371 - ['D6243', '08:54:00', '[福州]', '-->', '[福州南]', '09:10:00', '1站']
2018-10-29 22:33:42,371 - ['D3204', '12:49:00', '[福州南]', '-->', '[海宁]', '18:06:00', '10站']
2018-10-29 22:33:42,371 - ['Z10', '18:17:00', '[海宁]', '-->', '[北京]', '06:42:00', '1站']
2018-10-29 22:33:42,371 - ['1172/1173', '03:37:00', '[北京]', '-->', '[昌黎]', '06:31:00', '3站']
2018-10-29 22:33:42,371 - ['1206/1207', '07:33:00', '[昌黎]', '-->', '[北戴河]', '07:52:00', '1站']
2018-10-29 22:33:42,371 - ['D4538/D4535', '10:19:00', '[北戴河]', '-->', '[北京南]', '12:15:00', '1站']
2018-10-29 22:33:42,504 - ====================================
2018-10-29 22:33:42,504 - === [福州南]->[北京西] begin:22:33:00 ===
2018-10-29 22:33:42,504 - ====================================
2018-10-29 22:33:42,504 - 12:49:00 - 10:23:00
2018-10-29 22:33:42,504 - (次日)
2018-10-29 22:33:42,504 - (次日)
2018-10-29 22:33:42,504 - Use time:45.57 h
2018-10-29 22:33:42,504 - ['D3204', '12:49:00', '[福州南]', '-->', '[海宁]', '18:06:00', '10站']
2018-10-29 22:33:42,504 - ['Z10', '18:17:00', '[海宁]', '-->', '[北京]', '06:42:00', '1站']
2018-10-29 22:33:42,504 - ['1174/1171', '02:31:00', '[北京]', '-->', '[白涧]', '04:43:00', '1站']
2018-10-29 22:33:42,504 - ['1164', '07:18:00', '[白涧]', '-->', '[北京西]', '10:23:00', '3站']
2018-10-29 22:33:42,567 - ====================================
2018-10-29 22:33:42,567 - === [福州南]->[北京] begin:22:33:00 ===
2018-10-29 22:33:42,567 - ====================================
2018-10-29 22:33:42,567 - 12:49:00 - 06:42:00
2018-10-29 22:33:42,567 - (次日)
2018-10-29 22:33:42,567 - Use time:41.88 h
2018-10-29 22:33:42,567 - ['D3204', '12:49:00', '[福州南]', '-->', '[海宁]', '18:06:00', '10站']
2018-10-29 22:33:42,567 - ['Z10', '18:17:00', '[海宁]', '-->', '[北京]', '06:42:00', '1站']
2018-10-29 22:33:43,098 - ====================================
2018-10-29 22:33:43,098 - === [福州南]->[北京北] begin:22:33:00 ===
2018-10-29 22:33:43,114 - ====================================
2018-10-29 22:33:43,114 - 12:49:00 - 19:29:00
2018-10-29 22:33:43,129 - (次日)
2018-10-29 22:33:43,129 - ====================================
2018-10-29 22:33:43,129 - (次日)
2018-10-29 22:33:43,129 - === [福州]->[北京西] begin:22:33:00 ===
2018-10-29 22:33:43,129 - Use time:54.67 h
2018-10-29 22:33:43,129 - ====================================
2018-10-29 22:33:43,129 - ['D3204', '12:49:00', '[福州南]', '-->', '[海宁]', '18:06:00', '10站']
2018-10-29 22:33:43,129 - 08:54:00 - 10:23:00
2018-10-29 22:33:43,129 - ['Z10', '18:17:00', '[海宁]', '-->', '[北京]', '06:42:00', '1站']
2018-10-29 22:33:43,129 - (次日)
2018-10-29 22:33:43,129 - ['1174/1171', '02:31:00', '[北京]', '-->', '[白涧]', '04:43:00', '1站']
2018-10-29 22:33:43,129 - (次日)
2018-10-29 22:33:43,129 - ['1164', '07:18:00', '[白涧]', '-->', '[北京西]', '10:23:00', '3站']
2018-10-29 22:33:43,129 - Use time:49.48 h
2018-10-29 22:33:43,129 - ['K7701', '10:46:00', '[北京西]', '-->', '[宣化]', '13:48:00', '4站']
2018-10-29 22:33:43,129 - ['D6243', '08:54:00', '[福州]', '-->', '[福州南]', '09:10:00', '1站']
2018-10-29 22:33:43,129 - ['1456/1457', '15:28:00', '[宣化]', '-->', '[北京北]', '19:29:00', '3站']
2018-10-29 22:33:43,129 - ['D3204', '12:49:00', '[福州南]', '-->', '[海宁]', '18:06:00', '10站']
2018-10-29 22:33:43,160 - ['Z10', '18:17:00', '[海宁]', '-->', '[北京]', '06:42:00', '1站']
2018-10-29 22:33:43,176 - ['1174/1171', '02:31:00', '[北京]', '-->', '[白涧]', '04:43:00', '1站']
2018-10-29 22:33:43,176 - ['1164', '07:18:00', '[白涧]', '-->', '[北京西]', '10:23:00', '3站']
2018-10-29 22:33:43,332 - ====================================
2018-10-29 22:33:43,348 - === [福州]->[北京] begin:22:33:00 ===
2018-10-29 22:33:43,364 - ====================================
2018-10-29 22:33:43,379 - 08:54:00 - 06:42:00
2018-10-29 22:33:43,379 - (次日)
2018-10-29 22:33:43,379 - Use time:45.8 h
2018-10-29 22:33:43,379 - ====================================
2018-10-29 22:33:43,379 - ['D6243', '08:54:00', '[福州]', '-->', '[福州南]', '09:10:00', '1站']
2018-10-29 22:33:43,379 - === [福州南]->[北京南] begin:22:33:00 ===
2018-10-29 22:33:43,379 - ['D3204', '12:49:00', '[福州南]', '-->', '[海宁]', '18:06:00', '10站']
2018-10-29 22:33:43,379 - ====================================
2018-10-29 22:33:43,379 - ['Z10', '18:17:00', '[海宁]', '-->', '[北京]', '06:42:00', '1站']
2018-10-29 22:33:43,379 - 12:49:00 - 12:15:00
2018-10-29 22:33:43,410 - (次日)
2018-10-29 22:33:43,410 - (次日)
2018-10-29 22:33:43,442 - Use time:47.43 h
2018-10-29 22:33:43,457 - ['D3204', '12:49:00', '[福州南]', '-->', '[海宁]', '18:06:00', '10站']
2018-10-29 22:33:43,457 - ['Z10', '18:17:00', '[海宁]', '-->', '[北京]', '06:42:00', '1站']
2018-10-29 22:33:43,473 - ['1172/1173', '03:37:00', '[北京]', '-->', '[昌黎]', '06:31:00', '3站']
2018-10-29 22:33:43,489 - ['1206/1207', '07:33:00', '[昌黎]', '-->', '[北戴河]', '07:52:00', '1站']
2018-10-29 22:33:43,504 - ['D4538/D4535', '10:19:00', '[北戴河]', '-->', '[北京南]', '12:15:00', '1站']
2018-10-29 22:33:43,567 - ====================================
2018-10-29 22:33:43,582 - === [长乐机场]->[首都国际机场] begin:22:33:00 ===
2018-10-29 22:33:43,598 - ====================================
2018-10-29 22:33:43,614 - 08:30:00 - 11:05:00
2018-10-29 22:33:43,645 - Use time:2.58 h
2018-10-29 22:33:43,660 - ['CA1822', '08:30:00', '[长乐机场]', '-->', '[首都国际机场]', '11:05:00', '1站']
2018-10-29 22:33:44,145 - ====================================
2018-10-29 22:33:44,176 - === [福州]->[北京北] begin:22:33:00 ===
2018-10-29 22:33:44,192 - ====================================
2018-10-29 22:33:44,192 - 08:54:00 - 19:29:00
2018-10-29 22:33:44,207 - (次日)
2018-10-29 22:33:44,223 - (次日)
2018-10-29 22:33:44,254 - Use time:58.58 h
2018-10-29 22:33:44,254 - ['D6243', '08:54:00', '[福州]', '-->', '[福州南]', '09:10:00', '1站']
2018-10-29 22:33:44,254 - ['D3204', '12:49:00', '[福州南]', '-->', '[海宁]', '18:06:00', '10站']
2018-10-29 22:33:44,274 - ['Z10', '18:17:00', '[海宁]', '-->', '[北京]', '06:42:00', '1站']
2018-10-29 22:33:44,290 - ['1174/1171', '02:31:00', '[北京]', '-->', '[白涧]', '04:43:00', '1站']
2018-10-29 22:33:44,305 - ['1164', '07:18:00', '[白涧]', '-->', '[北京西]', '10:23:00', '3站']
2018-10-29 22:33:44,321 - ['K7701', '10:46:00', '[北京西]', '-->', '[宣化]', '13:48:00', '4站']
2018-10-29 22:33:44,321 - ['1456/1457', '15:28:00', '[宣化]', '-->', '[北京北]', '19:29:00', '3站']
2018-10-29 22:33:44,754 - ====================================
2018-10-29 22:33:44,770 - === [福州]->[北京南] begin:22:33:00 ===
2018-10-29 22:33:44,785 - ====================================
2018-10-29 22:33:44,801 - 08:54:00 - 12:15:00
2018-10-29 22:33:44,816 - (次日)
2018-10-29 22:33:44,832 - (次日)
2018-10-29 22:33:44,832 - Use time:51.35 h
2018-10-29 22:33:44,848 - ['D6243', '08:54:00', '[福州]', '-->', '[福州南]', '09:10:00', '1站']
2018-10-29 22:33:44,863 - ['D3204', '12:49:00', '[福州南]', '-->', '[海宁]', '18:06:00', '10站']
2018-10-29 22:33:44,879 - ['Z10', '18:17:00', '[海宁]', '-->', '[北京]', '06:42:00', '1站']
2018-10-29 22:33:44,895 - ['1172/1173', '03:37:00', '[北京]', '-->', '[昌黎]', '06:31:00', '3站']
2018-10-29 22:33:44,910 - ['1206/1207', '07:33:00', '[昌黎]', '-->', '[北戴河]', '07:52:00', '1站']
2018-10-29 22:33:44,910 - ['D4538/D4535', '10:19:00', '[北戴河]', '-->', '[北京南]', '12:15:00', '1站']
2018-10-29 22:33:45,098 - ====================================
2018-10-29 22:33:45,113 - === [福州南]->[北京西] begin:22:33:00 ===
2018-10-29 22:33:45,129 - ====================================
2018-10-29 22:33:45,145 - 12:49:00 - 10:23:00
2018-10-29 22:33:45,160 - (次日)
2018-10-29 22:33:45,176 - (次日)
2018-10-29 22:33:45,238 - Use time:45.57 h
2018-10-29 22:33:45,238 - ['D3204', '12:49:00', '[福州南]', '-->', '[海宁]', '18:06:00', '10站']
2018-10-29 22:33:45,254 - ['Z10', '18:17:00', '[海宁]', '-->', '[北京]', '06:42:00', '1站']
2018-10-29 22:33:45,276 - ['1174/1171', '02:31:00', '[北京]', '-->', '[白涧]', '04:43:00', '1站']
2018-10-29 22:33:45,292 - ['1164', '07:18:00', '[白涧]', '-->', '[北京西]', '10:23:00', '3站']
2018-10-29 22:33:45,417 - ====================================
2018-10-29 22:33:45,495 - === [福州南]->[北京] begin:22:33:00 ===
2018-10-29 22:33:45,511 - ====================================
2018-10-29 22:33:45,526 - 12:49:00 - 06:42:00
2018-10-29 22:33:45,542 - (次日)
2018-10-29 22:33:45,558 - Use time:41.88 h
2018-10-29 22:33:45,558 - ['D3204', '12:49:00', '[福州南]', '-->', '[海宁]', '18:06:00', '10站']
2018-10-29 22:33:45,573 - ['Z10', '18:17:00', '[海宁]', '-->', '[北京]', '06:42:00', '1站']
2018-10-29 22:33:46,464 - ====================================
2018-10-29 22:33:46,480 - === [福州南]->[北京北] begin:22:33:00 ===
2018-10-29 22:33:46,495 - ====================================
2018-10-29 22:33:46,511 - 12:49:00 - 19:29:00
2018-10-29 22:33:46,526 - (次日)
2018-10-29 22:33:46,542 - (次日)
2018-10-29 22:33:46,558 - Use time:54.67 h
2018-10-29 22:33:46,573 - ['D3204', '12:49:00', '[福州南]', '-->', '[海宁]', '18:06:00', '10站']
2018-10-29 22:33:46,589 - ['Z10', '18:17:00', '[海宁]', '-->', '[北京]', '06:42:00', '1站']
2018-10-29 22:33:46,605 - ['1174/1171', '02:31:00', '[北京]', '-->', '[白涧]', '04:43:00', '1站']
2018-10-29 22:33:46,620 - ['1164', '07:18:00', '[白涧]', '-->', '[北京西]', '10:23:00', '3站']
2018-10-29 22:33:46,636 - ['K7701', '10:46:00', '[北京西]', '-->', '[宣化]', '13:48:00', '4站']
2018-10-29 22:33:46,651 - ['1456/1457', '15:28:00', '[宣化]', '-->', '[北京北]', '19:29:00', '3站']
2018-10-29 22:33:47,242 - ====================================
2018-10-29 22:33:47,257 - === [福州南]->[北京南] begin:22:33:00 ===
2018-10-29 22:33:47,265 - ====================================
2018-10-29 22:33:47,280 - 12:49:00 - 12:15:00
2018-10-29 22:33:47,296 - (次日)
2018-10-29 22:33:47,312 - (次日)
2018-10-29 22:33:47,327 - Use time:47.43 h
2018-10-29 22:33:47,327 - ['D3204', '12:49:00', '[福州南]', '-->', '[海宁]', '18:06:00', '10站']
2018-10-29 22:33:47,343 - ['Z10', '18:17:00', '[海宁]', '-->', '[北京]', '06:42:00', '1站']
2018-10-29 22:33:47,359 - ['1172/1173', '03:37:00', '[北京]', '-->', '[昌黎]', '06:31:00', '3站']
2018-10-29 22:33:47,359 - ====================================
2018-10-29 22:33:47,359 - ['1206/1207', '07:33:00', '[昌黎]', '-->', '[北戴河]', '07:52:00', '1站']
2018-10-29 22:33:47,359 - === [长乐机场]->[南苑机场] begin:22:33:00 ===
2018-10-29 22:33:47,359 - ['D4538/D4535', '10:19:00', '[北戴河]', '-->', '[北京南]', '12:15:00', '1站']
2018-10-29 22:33:47,359 - ====================================
2018-10-29 22:33:47,374 - 08:30:00 - 14:55:00
2018-10-29 22:33:47,374 - Use time:6.42 h
2018-10-29 22:33:47,374 - ['CA1822', '08:30:00', '[长乐机场]', '-->', '[首都国际机场]', '11:05:00', '1站']
2018-10-29 22:33:47,374 - ====================================
2018-10-29 22:33:47,374 - ['CA1111', '11:25:00', '[首都国际机场]', '-->', '[白塔机场]', '12:30:00', '1站']
2018-10-29 22:33:47,374 - === [长乐机场]->[首都国际机场] begin:22:33:00 ===
2018-10-29 22:33:47,374 - ['FM2938', '14:05:00', '[白塔机场]', '-->', '[南苑机场]', '14:55:00', '1站']
2018-10-29 22:33:47,374 - ====================================
2018-10-29 22:33:47,374 - 08:30:00 - 11:05:00
2018-10-29 22:33:47,374 - Use time:2.58 h
2018-10-29 22:33:47,374 - ['CA1822', '08:30:00', '[长乐机场]', '-->', '[首都国际机场]', '11:05:00', '1站']
2018-10-29 22:33:49,785 - ====================================
2018-10-29 22:33:49,785 - === [长乐机场]->[南苑机场] begin:22:33:00 ===
2018-10-29 22:33:49,785 - ====================================
2018-10-29 22:33:49,785 - 08:30:00 - 14:55:00
2018-10-29 22:33:49,785 - Use time:6.42 h
2018-10-29 22:33:49,785 - ['CA1822', '08:30:00', '[长乐机场]', '-->', '[首都国际机场]', '11:05:00', '1站']
2018-10-29 22:33:49,785 - ['CA1111', '11:25:00', '[首都国际机场]', '-->', '[白塔机场]', '12:30:00', '1站']
2018-10-29 22:33:49,785 - ['FM2938', '14:05:00', '[白塔机场]', '-->', '[南苑机场]', '14:55:00', '1站']
2018-10-29 22:34:02,469 - ====================================
2018-10-29 22:34:02,469 - === [长乐机场]->[两江国际机场] begin:22:33:00 ===
2018-10-29 22:34:02,469 - ====================================
2018-10-29 22:34:02,469 - 10:20:00 - 13:20:00
2018-10-29 22:34:02,469 - Use time:3.0 h
2018-10-29 22:34:02,469 - ['CZ3506', '10:20:00', '[长乐机场]', '-->', '[新白云国际机场]', '11:45:00', '1站']
2018-10-29 22:34:02,469 - ['CZ3292', '12:20:00', '[新白云国际机场]', '-->', '[两江国际机场]', '13:20:00', '1站']
